Archive member included to satisfy reference by file (symbol)

/opt/st/stm32cubeide_1.11.2/plugins/com.st.stm32cube.ide.mcu.externaltools.gnu-tools-for-stm32.10.3-2021.10.linux64_1.0.100.202210260954/tools/bin/../lib/gcc/arm-none-eabi/10.3.1/../../../../arm-none-eabi/lib/thumb/v7-m/nofp/libc_nano.a(lib_a-errno.o)
                              ./Core/Src/syscalls.o (__errno)
/opt/st/stm32cubeide_1.11.2/plugins/com.st.stm32cube.ide.mcu.externaltools.gnu-tools-for-stm32.10.3-2021.10.linux64_1.0.100.202210260954/tools/bin/../lib/gcc/arm-none-eabi/10.3.1/../../../../arm-none-eabi/lib/thumb/v7-m/nofp/libc_nano.a(lib_a-exit.o)
                              /opt/st/stm32cubeide_1.11.2/plugins/com.st.stm32cube.ide.mcu.externaltools.gnu-tools-for-stm32.10.3-2021.10.linux64_1.0.100.202210260954/tools/bin/../lib/gcc/arm-none-eabi/10.3.1/../../../../arm-none-eabi/lib/thumb/v7-m/nofp/crt0.o (exit)
/opt/st/stm32cubeide_1.11.2/plugins/com.st.stm32cube.ide.mcu.externaltools.gnu-tools-for-stm32.10.3-2021.10.linux64_1.0.100.202210260954/tools/bin/../lib/gcc/arm-none-eabi/10.3.1/../../../../arm-none-eabi/lib/thumb/v7-m/nofp/libc_nano.a(lib_a-impure.o)
                              /opt/st/stm32cubeide_1.11.2/plugins/com.st.stm32cube.ide.mcu.externaltools.gnu-tools-for-stm32.10.3-2021.10.linux64_1.0.100.202210260954/tools/bin/../lib/gcc/arm-none-eabi/10.3.1/../../../../arm-none-eabi/lib/thumb/v7-m/nofp/libc_nano.a(lib_a-exit.o) (_global_impure_ptr)
/opt/st/stm32cubeide_1.11.2/plugins/com.st.stm32cube.ide.mcu.externaltools.gnu-tools-for-stm32.10.3-2021.10.linux64_1.0.100.202210260954/tools/bin/../lib/gcc/arm-none-eabi/10.3.1/../../../../arm-none-eabi/lib/thumb/v7-m/nofp/libc_nano.a(lib_a-init.o)
                              /opt/st/stm32cubeide_1.11.2/plugins/com.st.stm32cube.ide.mcu.externaltools.gnu-tools-for-stm32.10.3-2021.10.linux64_1.0.100.202210260954/tools/bin/../lib/gcc/arm-none-eabi/10.3.1/../../../../arm-none-eabi/lib/thumb/v7-m/nofp/crt0.o (__libc_init_array)
/opt/st/stm32cubeide_1.11.2/plugins/com.st.stm32cube.ide.mcu.externaltools.gnu-tools-for-stm32.10.3-2021.10.linux64_1.0.100.202210260954/tools/bin/../lib/gcc/arm-none-eabi/10.3.1/../../../../arm-none-eabi/lib/thumb/v7-m/nofp/libc_nano.a(lib_a-memcpy-stub.o)
                              ./Core/Src/ee.o (memcpy)
/opt/st/stm32cubeide_1.11.2/plugins/com.st.stm32cube.ide.mcu.externaltools.gnu-tools-for-stm32.10.3-2021.10.linux64_1.0.100.202210260954/tools/bin/../lib/gcc/arm-none-eabi/10.3.1/../../../../arm-none-eabi/lib/thumb/v7-m/nofp/libc_nano.a(lib_a-memset.o)
                              /opt/st/stm32cubeide_1.11.2/plugins/com.st.stm32cube.ide.mcu.externaltools.gnu-tools-for-stm32.10.3-2021.10.linux64_1.0.100.202210260954/tools/bin/../lib/gcc/arm-none-eabi/10.3.1/../../../../arm-none-eabi/lib/thumb/v7-m/nofp/crt0.o (memset)
/opt/st/stm32cubeide_1.11.2/plugins/com.st.stm32cube.ide.mcu.externaltools.gnu-tools-for-stm32.10.3-2021.10.linux64_1.0.100.202210260954/tools/bin/../lib/gcc/arm-none-eabi/10.3.1/thumb/v7-m/nofp/libgcc.a(_arm_addsubdf3.o)
                              ./Core/Src/ter.o (__aeabi_ui2d)
/opt/st/stm32cubeide_1.11.2/plugins/com.st.stm32cube.ide.mcu.externaltools.gnu-tools-for-stm32.10.3-2021.10.linux64_1.0.100.202210260954/tools/bin/../lib/gcc/arm-none-eabi/10.3.1/thumb/v7-m/nofp/libgcc.a(_arm_fixunsdfsi.o)
                              ./Core/Src/ter.o (__aeabi_d2uiz)
/opt/st/stm32cubeide_1.11.2/plugins/com.st.stm32cube.ide.mcu.externaltools.gnu-tools-for-stm32.10.3-2021.10.linux64_1.0.100.202210260954/tools/bin/../lib/gcc/arm-none-eabi/10.3.1/thumb/v7-m/nofp/libgcc.a(_fixunsdfdi.o)
                              ./Core/Src/ter.o (__aeabi_d2ulz)
/opt/st/stm32cubeide_1.11.2/plugins/com.st.stm32cube.ide.mcu.externaltools.gnu-tools-for-stm32.10.3-2021.10.linux64_1.0.100.202210260954/tools/bin/../lib/gcc/arm-none-eabi/10.3.1/thumb/v7-m/nofp/libgcc.a(_arm_muldf3.o)
                              /opt/st/stm32cubeide_1.11.2/plugins/com.st.stm32cube.ide.mcu.externaltools.gnu-tools-for-stm32.10.3-2021.10.linux64_1.0.100.202210260954/tools/bin/../lib/gcc/arm-none-eabi/10.3.1/thumb/v7-m/nofp/libgcc.a(_fixunsdfdi.o) (__aeabi_dmul)

Discarded input sections

 .text          0x0000000000000000        0x0 /opt/st/stm32cubeide_1.11.2/plugins/com.st.stm32cube.ide.mcu.externaltools.gnu-tools-for-stm32.10.3-2021.10.linux64_1.0.100.202210260954/tools/bin/../lib/gcc/arm-none-eabi/10.3.1/thumb/v7-m/nofp/crti.o
 .data          0x0000000000000000        0x0 /opt/st/stm32cubeide_1.11.2/plugins/com.st.stm32cube.ide.mcu.externaltools.gnu-tools-for-stm32.10.3-2021.10.linux64_1.0.100.202210260954/tools/bin/../lib/gcc/arm-none-eabi/10.3.1/thumb/v7-m/nofp/crti.o
 .bss           0x0000000000000000        0x0 /opt/st/stm32cubeide_1.11.2/plugins/com.st.stm32cube.ide.mcu.externaltools.gnu-tools-for-stm32.10.3-2021.10.linux64_1.0.100.202210260954/tools/bin/../lib/gcc/arm-none-eabi/10.3.1/thumb/v7-m/nofp/crti.o
[...]
Memory Configuration

Name             Origin             Length             Attributes
RAM              0x0000000020000000 0x0000000000005000 xrw
FLASH            0x0000000008000000 0x0000000000010000 xr
*default*        0x0000000000000000 0xffffffffffffffff

Linker script and memory map

LOAD /opt/st/stm32cubeide_1.11.2/plugins/com.st.stm32cube.ide.mcu.externaltools.gnu-tools-for-stm32.10.3-2021.10.linux64_1.0.100.202210260954/tools/bin/../lib/gcc/arm-none-eabi/10.3.1/thumb/v7-m/nofp/crti.o
LOAD /opt/st/stm32cubeide_1.11.2/plugins/com.st.stm32cube.ide.mcu.externaltools.gnu-tools-for-stm32.10.3-2021.10.linux64_1.0.100.202210260954/tools/bin/../lib/gcc/arm-none-eabi/10.3.1/thumb/v7-m/nofp/crtbegin.o
LOAD /opt/st/stm32cubeide_1.11.2/plugins/com.st.stm32cube.ide.mcu.externaltools.gnu-tools-for-stm32.10.3-2021.10.linux64_1.0.100.202210260954/tools/bin/../lib/gcc/arm-none-eabi/10.3.1/../../../../arm-none-eabi/lib/thumb/v7-m/nofp/crt0.o
LOAD ./Core/Src/adc.o
LOAD ./Core/Src/can.o
LOAD ./Core/Src/dma.o
LOAD ./Core/Src/ee.o
LOAD ./Core/Src/gpio.o
LOAD ./Core/Src/main.o
LOAD ./Core/Src/stm32f1xx_hal_msp.o
LOAD ./Core/Src/stm32f1xx_it.o
LOAD ./Core/Src/syscalls.o
LOAD ./Core/Src/sysmem.o
LOAD ./Core/Src/system_stm32f1xx.o
LOAD ./Core/Src/ter.o
LOAD ./Core/Startup/startup_stm32f103c8tx.o
LOAD ./Drivers/STM32F1xx_HAL_Driver/Src/stm32f1xx_hal.o
LOAD ./Drivers/STM32F1xx_HAL_Driver/Src/stm32f1xx_hal_adc.o
LOAD ./Drivers/STM32F1xx_HAL_Driver/Src/stm32f1xx_hal_adc_ex.o
LOAD ./Drivers/STM32F1xx_HAL_Driver/Src/stm32f1xx_hal_can.o
LOAD ./Drivers/STM32F1xx_HAL_Driver/Src/stm32f1xx_hal_cortex.o
LOAD ./Drivers/STM32F1xx_HAL_Driver/Src/stm32f1xx_hal_dma.o
LOAD ./Drivers/STM32F1xx_HAL_Driver/Src/stm32f1xx_hal_exti.o
LOAD ./Drivers/STM32F1xx_HAL_Driver/Src/stm32f1xx_hal_flash.o
LOAD ./Drivers/STM32F1xx_HAL_Driver/Src/stm32f1xx_hal_flash_ex.o
LOAD ./Drivers/STM32F1xx_HAL_Driver/Src/stm32f1xx_hal_gpio.o
LOAD ./Drivers/STM32F1xx_HAL_Driver/Src/stm32f1xx_hal_gpio_ex.o
LOAD ./Drivers/STM32F1xx_HAL_Driver/Src/stm32f1xx_hal_pwr.o
LOAD ./Drivers/STM32F1xx_HAL_Driver/Src/stm32f1xx_hal_rcc.o
LOAD ./Drivers/STM32F1xx_HAL_Driver/Src/stm32f1xx_hal_rcc_ex.o
START GROUP
LOAD /opt/st/stm32cubeide_1.11.2/plugins/com.st.stm32cube.ide.mcu.externaltools.gnu-tools-for-stm32.10.3-2021.10.linux64_1.0.100.202210260954/tools/bin/../lib/gcc/arm-none-eabi/10.3.1/../../../../arm-none-eabi/lib/thumb/v7-m/nofp/libc_nano.a
LOAD /opt/st/stm32cubeide_1.11.2/plugins/com.st.stm32cube.ide.mcu.externaltools.gnu-tools-for-stm32.10.3-2021.10.linux64_1.0.100.202210260954/tools/bin/../lib/gcc/arm-none-eabi/10.3.1/../../../../arm-none-eabi/lib/thumb/v7-m/nofp/libm.a
END GROUP
START GROUP
LOAD /opt/st/stm32cubeide_1.11.2/plugins/com.st.stm32cube.ide.mcu.externaltools.gnu-tools-for-stm32.10.3-2021.10.linux64_1.0.100.202210260954/tools/bin/../lib/gcc/arm-none-eabi/10.3.1/thumb/v7-m/nofp/libgcc.a
LOAD /opt/st/stm32cubeide_1.11.2/plugins/com.st.stm32cube.ide.mcu.externaltools.gnu-tools-for-stm32.10.3-2021.10.linux64_1.0.100.202210260954/tools/bin/../lib/gcc/arm-none-eabi/10.3.1/../../../../arm-none-eabi/lib/thumb/v7-m/nofp/libc_nano.a
END GROUP
START GROUP
LOAD /opt/st/stm32cubeide_1.11.2/plugins/com.st.stm32cube.ide.mcu.externaltools.gnu-tools-for-stm32.10.3-2021.10.linux64_1.0.100.202210260954/tools/bin/../lib/gcc/arm-none-eabi/10.3.1/thumb/v7-m/nofp/libgcc.a
LOAD /opt/st/stm32cubeide_1.11.2/plugins/com.st.stm32cube.ide.mcu.externaltools.gnu-tools-for-stm32.10.3-2021.10.linux64_1.0.100.202210260954/tools/bin/../lib/gcc/arm-none-eabi/10.3.1/../../../../arm-none-eabi/lib/thumb/v7-m/nofp/libc_nano.a
LOAD /opt/st/stm32cubeide_1.11.2/plugins/com.st.stm32cube.ide.mcu.externaltools.gnu-tools-for-stm32.10.3-2021.10.linux64_1.0.100.202210260954/tools/bin/../lib/gcc/arm-none-eabi/10.3.1/../../../../arm-none-eabi/lib/thumb/v7-m/nofp/libnosys.a
END GROUP
START GROUP
LOAD /opt/st/stm32cubeide_1.11.2/plugins/com.st.stm32cube.ide.mcu.externaltools.gnu-tools-for-stm32.10.3-2021.10.linux64_1.0.100.202210260954/tools/bin/../lib/gcc/arm-none-eabi/10.3.1/thumb/v7-m/nofp/libgcc.a
LOAD /opt/st/stm32cubeide_1.11.2/plugins/com.st.stm32cube.ide.mcu.externaltools.gnu-tools-for-stm32.10.3-2021.10.linux64_1.0.100.202210260954/tools/bin/../lib/gcc/arm-none-eabi/10.3.1/../../../../arm-none-eabi/lib/thumb/v7-m/nofp/libc_nano.a
LOAD /opt/st/stm32cubeide_1.11.2/plugins/com.st.stm32cube.ide.mcu.externaltools.gnu-tools-for-stm32.10.3-2021.10.linux64_1.0.100.202210260954/tools/bin/../lib/gcc/arm-none-eabi/10.3.1/../../../../arm-none-eabi/lib/thumb/v7-m/nofp/libnosys.a
END GROUP
LOAD /opt/st/stm32cubeide_1.11.2/plugins/com.st.stm32cube.ide.mcu.externaltools.gnu-tools-for-stm32.10.3-2021.10.linux64_1.0.100.202210260954/tools/bin/../lib/gcc/arm-none-eabi/10.3.1/thumb/v7-m/nofp/crtend.o
LOAD /opt/st/stm32cubeide_1.11.2/plugins/com.st.stm32cube.ide.mcu.externaltools.gnu-tools-for-stm32.10.3-2021.10.linux64_1.0.100.202210260954/tools/bin/../lib/gcc/arm-none-eabi/10.3.1/thumb/v7-m/nofp/crtn.o
                0x0000000020005000                _estack = (ORIGIN (RAM) + LENGTH (RAM))
                0x0000000000000200                _Min_Heap_Size = 0x200
                0x0000000000000400                _Min_Stack_Size = 0x400

.isr_vector     0x0000000008000000      0x10c
                0x0000000008000000                . = ALIGN (0x4)
 *(.isr_vector)
 .isr_vector    0x0000000008000000      0x10c ./Core/Startup/startup_stm32f103c8tx.o
                0x0000000008000000                g_pfnVectors
                0x000000000800010c                . = ALIGN (0x4)

.text           0x000000000800010c     0x2fa8
                0x000000000800010c                . = ALIGN (0x4)
 *(.text)
 .text          0x000000000800010c       0x40 /opt/st/stm32cubeide_1.11.2/plugins/com.st.stm32cube.ide.mcu.externaltools.gnu-tools-for-stm32.10.3-2021.10.linux64_1.0.100.202210260954/tools/bin/../lib/gcc/arm-none-eabi/10.3.1/thumb/v7-m/nofp/crtbegin.o
 *(.text*)
 .text.MX_ADC1_Init
                0x000000000800014c       0xb8 ./Core/Src/adc.o
                0x000000000800014c                MX_ADC1_Init
 .text.HAL_ADC_MspInit
                0x0000000008000204      0x100 ./Core/Src/adc.o
                0x0000000008000204                HAL_ADC_MspInit
 .text.MX_CAN_Init
                0x0000000008000304       0x70 ./Core/Src/can.o
                0x0000000008000304                MX_CAN_Init
 .text.HAL_CAN_MspInit
                0x0000000008000374       0xe8 ./Core/Src/can.o
                0x0000000008000374                HAL_CAN_MspInit
 .text.MX_DMA_Init
                0x000000000800045c       0x2c ./Core/Src/dma.o
                0x000000000800045c                MX_DMA_Init
 .text.ee_init  0x0000000008000488       0x16 ./Core/Src/ee.o
                0x0000000008000488                ee_init
 *fill*         0x000000000800049e        0x2 
 .text.ee_read  0x00000000080004a0       0x84 ./Core/Src/ee.o
                0x00000000080004a0                ee_read
 .text.ee_writeToRam
                0x0000000008000524       0x44 ./Core/Src/ee.o
                0x0000000008000524                ee_writeToRam
 .text.MX_GPIO_Init
                0x0000000008000568       0x7c ./Core/Src/gpio.o
                0x0000000008000568                MX_GPIO_Init
 .text.main     0x00000000080005e4       0xd0 ./Core/Src/main.o
                0x00000000080005e4                main
 .text.SystemClock_Config
                0x00000000080006b4       0xa0 ./Core/Src/main.o
                0x00000000080006b4                SystemClock_Config
 .text.readSensors
                0x0000000008000754       0xac ./Core/Src/main.o
                0x0000000008000754                readSensors
 .text.HAL_CAN_RxFifo1MsgPendingCallback
                0x0000000008000800       0x3c ./Core/Src/main.o
                0x0000000008000800                HAL_CAN_RxFifo1MsgPendingCallback
 .text.command  0x000000000800083c       0x60 ./Core/Src/main.o
                0x000000000800083c                command
 .text.map      0x000000000800089c       0x3e ./Core/Src/main.o
                0x000000000800089c                map
 .text.Error_Handler
                0x00000000080008da        0xa ./Core/Src/main.o
                0x00000000080008da                Error_Handler
 .text.HAL_MspInit
                0x00000000080008e4       0x44 ./Core/Src/stm32f1xx_hal_msp.o
                0x00000000080008e4                HAL_MspInit
 .text.NMI_Handler
                0x0000000008000928        0x6 ./Core/Src/stm32f1xx_it.o
                0x0000000008000928                NMI_Handler
 .text.HardFault_Handler
                0x000000000800092e        0x6 ./Core/Src/stm32f1xx_it.o
                0x000000000800092e                HardFault_Handler
 .text.MemManage_Handler
                0x0000000008000934        0x6 ./Core/Src/stm32f1xx_it.o
                0x0000000008000934                MemManage_Handler
 .text.BusFault_Handler
                0x000000000800093a        0x6 ./Core/Src/stm32f1xx_it.o
                0x000000000800093a                BusFault_Handler
 .text.UsageFault_Handler
                0x0000000008000940        0x6 ./Core/Src/stm32f1xx_it.o
                0x0000000008000940                UsageFault_Handler
 .text.SVC_Handler
                0x0000000008000946        0xc ./Core/Src/stm32f1xx_it.o
                0x0000000008000946                SVC_Handler
 .text.DebugMon_Handler
                0x0000000008000952        0xc ./Core/Src/stm32f1xx_it.o
                0x0000000008000952                DebugMon_Handler
 .text.PendSV_Handler
                0x000000000800095e        0xc ./Core/Src/stm32f1xx_it.o
                0x000000000800095e                PendSV_Handler
 .text.SysTick_Handler
                0x000000000800096a        0xc ./Core/Src/stm32f1xx_it.o
                0x000000000800096a                SysTick_Handler
 *fill*         0x0000000008000976        0x2 
 .text.USB_LP_CAN1_RX0_IRQHandler
                0x0000000008000978       0x14 ./Core/Src/stm32f1xx_it.o
                0x0000000008000978                USB_LP_CAN1_RX0_IRQHandler
 .text.CAN1_RX1_IRQHandler
                0x000000000800098c       0x14 ./Core/Src/stm32f1xx_it.o
                0x000000000800098c                CAN1_RX1_IRQHandler
 .text.SystemInit
                0x00000000080009a0        0xc ./Core/Src/system_stm32f1xx.o
                0x00000000080009a0                SystemInit
 .text.pack_left_shift_u8
                0x00000000080009ac       0x2c ./Core/Src/ter.o
 .text.ter_apps_pack
                0x00000000080009d8       0x8e ./Core/Src/ter.o
                0x00000000080009d8                ter_apps_pack
 *fill*         0x0000000008000a66        0x2 
 .text.Reset_Handler
                0x0000000008000a68       0x48 ./Core/Startup/startup_stm32f103c8tx.o
                0x0000000008000a68                Reset_Handler
 .text.Default_Handler
                0x0000000008000ab0        0x2 ./Core/Startup/startup_stm32f103c8tx.o
                0x0000000008000ab0                RTC_Alarm_IRQHandler
                0x0000000008000ab0                EXTI2_IRQHandler
                0x0000000008000ab0                TIM1_CC_IRQHandler
                0x0000000008000ab0                PVD_IRQHandler
                0x0000000008000ab0                EXTI3_IRQHandler
                0x0000000008000ab0                EXTI0_IRQHandler
                0x0000000008000ab0                I2C2_EV_IRQHandler
                0x0000000008000ab0                ADC1_2_IRQHandler
                0x0000000008000ab0                SPI1_IRQHandler
                0x0000000008000ab0                TAMPER_IRQHandler
                0x0000000008000ab0                DMA1_Channel4_IRQHandler
                0x0000000008000ab0                USART3_IRQHandler
                0x0000000008000ab0                RTC_IRQHandler
                0x0000000008000ab0                DMA1_Channel7_IRQHandler
                0x0000000008000ab0                TIM4_IRQHandler
                0x0000000008000ab0                I2C1_EV_IRQHandler
                0x0000000008000ab0                DMA1_Channel6_IRQHandler
                0x0000000008000ab0                TIM3_IRQHandler
                0x0000000008000ab0                RCC_IRQHandler
                0x0000000008000ab0                TIM1_TRG_COM_IRQHandler
                0x0000000008000ab0                DMA1_Channel1_IRQHandler
                0x0000000008000ab0                Default_Handler
                0x0000000008000ab0                EXTI15_10_IRQHandler
                0x0000000008000ab0                EXTI9_5_IRQHandler
                0x0000000008000ab0                SPI2_IRQHandler
                0x0000000008000ab0                DMA1_Channel5_IRQHandler
                0x0000000008000ab0                EXTI4_IRQHandler
                0x0000000008000ab0                USB_HP_CAN1_TX_IRQHandler
                0x0000000008000ab0                DMA1_Channel3_IRQHandler
                0x0000000008000ab0                TIM1_UP_IRQHandler
                0x0000000008000ab0                WWDG_IRQHandler
                0x0000000008000ab0                TIM2_IRQHandler
                0x0000000008000ab0                TIM1_BRK_IRQHandler
                0x0000000008000ab0                EXTI1_IRQHandler
                0x0000000008000ab0                USART2_IRQHandler
                0x0000000008000ab0                I2C2_ER_IRQHandler
                0x0000000008000ab0                DMA1_Channel2_IRQHandler
                0x0000000008000ab0                CAN1_SCE_IRQHandler
                0x0000000008000ab0                FLASH_IRQHandler
                0x0000000008000ab0                USART1_IRQHandler
                0x0000000008000ab0                I2C1_ER_IRQHandler
                0x0000000008000ab0                USBWakeUp_IRQHandler
 *fill*         0x0000000008000ab2        0x2 
 .text.HAL_Init
                0x0000000008000ab4       0x2c ./Drivers/STM32F1xx_HAL_Driver/Src/stm32f1xx_hal.o
                0x0000000008000ab4                HAL_Init
 .text.HAL_InitTick
                0x0000000008000ae0       0x60 ./Drivers/STM32F1xx_HAL_Driver/Src/stm32f1xx_hal.o
                0x0000000008000ae0                HAL_InitTick
 .text.HAL_IncTick
                0x0000000008000b40       0x24 ./Drivers/STM32F1xx_HAL_Driver/Src/stm32f1xx_hal.o
                0x0000000008000b40                HAL_IncTick
 .text.HAL_GetTick
                0x0000000008000b64       0x14 ./Drivers/STM32F1xx_HAL_Driver/Src/stm32f1xx_hal.o
                0x0000000008000b64                HAL_GetTick
 .text.HAL_Delay
                0x0000000008000b78       0x48 ./Drivers/STM32F1xx_HAL_Driver/Src/stm32f1xx_hal.o
                0x0000000008000b78                HAL_Delay
 .text.HAL_ADC_Init
                0x0000000008000bc0      0x1b0 ./Drivers/STM32F1xx_HAL_Driver/Src/stm32f1xx_hal_adc.o
                0x0000000008000bc0                HAL_ADC_Init
 .text.HAL_ADC_Start_DMA
                0x0000000008000d70      0x1bc ./Drivers/STM32F1xx_HAL_Driver/Src/stm32f1xx_hal_adc.o
                0x0000000008000d70                HAL_ADC_Start_DMA
 .text.HAL_ADC_ConvCpltCallback
                0x0000000008000f2c       0x12 ./Drivers/STM32F1xx_HAL_Driver/Src/stm32f1xx_hal_adc.o
                0x0000000008000f2c                HAL_ADC_ConvCpltCallback
 .text.HAL_ADC_ConvHalfCpltCallback
                0x0000000008000f3e       0x12 ./Drivers/STM32F1xx_HAL_Driver/Src/stm32f1xx_hal_adc.o
                0x0000000008000f3e                HAL_ADC_ConvHalfCpltCallback
 .text.HAL_ADC_ErrorCallback
                0x0000000008000f50       0x12 ./Drivers/STM32F1xx_HAL_Driver/Src/stm32f1xx_hal_adc.o
                0x0000000008000f50                HAL_ADC_ErrorCallback
 *fill*         0x0000000008000f62        0x2 
 .text.HAL_ADC_ConfigChannel
                0x0000000008000f64      0x1f0 ./Drivers/STM32F1xx_HAL_Driver/Src/stm32f1xx_hal_adc.o
                0x0000000008000f64                HAL_ADC_ConfigChannel
 .text.ADC_Enable
                0x0000000008001154       0xb4 ./Drivers/STM32F1xx_HAL_Driver/Src/stm32f1xx_hal_adc.o
                0x0000000008001154                ADC_Enable
 .text.ADC_ConversionStop_Disable
                0x0000000008001208       0x82 ./Drivers/STM32F1xx_HAL_Driver/Src/stm32f1xx_hal_adc.o
                0x0000000008001208                ADC_ConversionStop_Disable
 .text.ADC_DMAConvCplt
                0x000000000800128a       0x7c ./Drivers/STM32F1xx_HAL_Driver/Src/stm32f1xx_hal_adc.o
                0x000000000800128a                ADC_DMAConvCplt
 .text.ADC_DMAHalfConvCplt
                0x0000000008001306       0x1c ./Drivers/STM32F1xx_HAL_Driver/Src/stm32f1xx_hal_adc.o
                0x0000000008001306                ADC_DMAHalfConvCplt
 .text.ADC_DMAError
                0x0000000008001322       0x34 ./Drivers/STM32F1xx_HAL_Driver/Src/stm32f1xx_hal_adc.o
                0x0000000008001322                ADC_DMAError
 .text.HAL_CAN_Init
                0x0000000008001356      0x1f6 ./Drivers/STM32F1xx_HAL_Driver/Src/stm32f1xx_hal_can.o
                0x0000000008001356                HAL_CAN_Init
 .text.HAL_CAN_ConfigFilter
                0x000000000800154c      0x192 ./Drivers/STM32F1xx_HAL_Driver/Src/stm32f1xx_hal_can.o
                0x000000000800154c                HAL_CAN_ConfigFilter
 .text.HAL_CAN_Start
                0x00000000080016de       0x88 ./Drivers/STM32F1xx_HAL_Driver/Src/stm32f1xx_hal_can.o
                0x00000000080016de                HAL_CAN_Start
 .text.HAL_CAN_AddTxMessage
                0x0000000008001766      0x1b4 ./Drivers/STM32F1xx_HAL_Driver/Src/stm32f1xx_hal_can.o
                0x0000000008001766                HAL_CAN_AddTxMessage
 .text.HAL_CAN_GetRxMessage
                0x000000000800191a      0x222 ./Drivers/STM32F1xx_HAL_Driver/Src/stm32f1xx_hal_can.o
                0x000000000800191a                HAL_CAN_GetRxMessage
 .text.HAL_CAN_ActivateNotification
                0x0000000008001b3c       0x4a ./Drivers/STM32F1xx_HAL_Driver/Src/stm32f1xx_hal_can.o
                0x0000000008001b3c                HAL_CAN_ActivateNotification
 .text.HAL_CAN_IRQHandler
                0x0000000008001b86      0x36e ./Drivers/STM32F1xx_HAL_Driver/Src/stm32f1xx_hal_can.o
                0x0000000008001b86                HAL_CAN_IRQHandler
 .text.HAL_CAN_TxMailbox0CompleteCallback
                0x0000000008001ef4       0x12 ./Drivers/STM32F1xx_HAL_Driver/Src/stm32f1xx_hal_can.o
                0x0000000008001ef4                HAL_CAN_TxMailbox0CompleteCallback
 .text.HAL_CAN_TxMailbox1CompleteCallback
                0x0000000008001f06       0x12 ./Drivers/STM32F1xx_HAL_Driver/Src/stm32f1xx_hal_can.o
                0x0000000008001f06                HAL_CAN_TxMailbox1CompleteCallback
 .text.HAL_CAN_TxMailbox2CompleteCallback
                0x0000000008001f18       0x12 ./Drivers/STM32F1xx_HAL_Driver/Src/stm32f1xx_hal_can.o
                0x0000000008001f18                HAL_CAN_TxMailbox2CompleteCallback
 .text.HAL_CAN_TxMailbox0AbortCallback
                0x0000000008001f2a       0x12 ./Drivers/STM32F1xx_HAL_Driver/Src/stm32f1xx_hal_can.o
                0x0000000008001f2a                HAL_CAN_TxMailbox0AbortCallback
 .text.HAL_CAN_TxMailbox1AbortCallback
                0x0000000008001f3c       0x12 ./Drivers/STM32F1xx_HAL_Driver/Src/stm32f1xx_hal_can.o
                0x0000000008001f3c                HAL_CAN_TxMailbox1AbortCallback
 .text.HAL_CAN_TxMailbox2AbortCallback
                0x0000000008001f4e       0x12 ./Drivers/STM32F1xx_HAL_Driver/Src/stm32f1xx_hal_can.o
                0x0000000008001f4e                HAL_CAN_TxMailbox2AbortCallback
 .text.HAL_CAN_RxFifo0MsgPendingCallback
                0x0000000008001f60       0x12 ./Drivers/STM32F1xx_HAL_Driver/Src/stm32f1xx_hal_can.o
                0x0000000008001f60                HAL_CAN_RxFifo0MsgPendingCallback
 .text.HAL_CAN_RxFifo0FullCallback
                0x0000000008001f72       0x12 ./Drivers/STM32F1xx_HAL_Driver/Src/stm32f1xx_hal_can.o
                0x0000000008001f72                HAL_CAN_RxFifo0FullCallback
 .text.HAL_CAN_RxFifo1FullCallback
                0x0000000008001f84       0x12 ./Drivers/STM32F1xx_HAL_Driver/Src/stm32f1xx_hal_can.o
                0x0000000008001f84                HAL_CAN_RxFifo1FullCallback
 .text.HAL_CAN_SleepCallback
                0x0000000008001f96       0x12 ./Drivers/STM32F1xx_HAL_Driver/Src/stm32f1xx_hal_can.o
                0x0000000008001f96                HAL_CAN_SleepCallback
 .text.HAL_CAN_WakeUpFromRxMsgCallback
                0x0000000008001fa8       0x12 ./Drivers/STM32F1xx_HAL_Driver/Src/stm32f1xx_hal_can.o
                0x0000000008001fa8                HAL_CAN_WakeUpFromRxMsgCallback
 .text.HAL_CAN_ErrorCallback
                0x0000000008001fba       0x12 ./Drivers/STM32F1xx_HAL_Driver/Src/stm32f1xx_hal_can.o
                0x0000000008001fba                HAL_CAN_ErrorCallback
 .text.__NVIC_SetPriorityGrouping
                0x0000000008001fcc       0x48 ./Drivers/STM32F1xx_HAL_Driver/Src/stm32f1xx_hal_cortex.o
 .text.__NVIC_GetPriorityGrouping
                0x0000000008002014       0x1c ./Drivers/STM32F1xx_HAL_Driver/Src/stm32f1xx_hal_cortex.o
 .text.__NVIC_EnableIRQ
                0x0000000008002030       0x38 ./Drivers/STM32F1xx_HAL_Driver/Src/stm32f1xx_hal_cortex.o
 .text.__NVIC_SetPriority
                0x0000000008002068       0x54 ./Drivers/STM32F1xx_HAL_Driver/Src/stm32f1xx_hal_cortex.o
 .text.NVIC_EncodePriority
                0x00000000080020bc       0x64 ./Drivers/STM32F1xx_HAL_Driver/Src/stm32f1xx_hal_cortex.o
 .text.SysTick_Config
                0x0000000008002120       0x44 ./Drivers/STM32F1xx_HAL_Driver/Src/stm32f1xx_hal_cortex.o
 .text.HAL_NVIC_SetPriorityGrouping
                0x0000000008002164       0x16 ./Drivers/STM32F1xx_HAL_Driver/Src/stm32f1xx_hal_cortex.o
                0x0000000008002164                HAL_NVIC_SetPriorityGrouping
 .text.HAL_NVIC_SetPriority
                0x000000000800217a       0x38 ./Drivers/STM32F1xx_HAL_Driver/Src/stm32f1xx_hal_cortex.o
                0x000000000800217a                HAL_NVIC_SetPriority
 .text.HAL_NVIC_EnableIRQ
                0x00000000080021b2       0x1c ./Drivers/STM32F1xx_HAL_Driver/Src/stm32f1xx_hal_cortex.o
                0x00000000080021b2                HAL_NVIC_EnableIRQ
 .text.HAL_SYSTICK_Config
                0x00000000080021ce       0x18 ./Drivers/STM32F1xx_HAL_Driver/Src/stm32f1xx_hal_cortex.o
                0x00000000080021ce                HAL_SYSTICK_Config
 *fill*         0x00000000080021e6        0x2 
 .text.HAL_DMA_Init
                0x00000000080021e8       0xb4 ./Drivers/STM32F1xx_HAL_Driver/Src/stm32f1xx_hal_dma.o
                0x00000000080021e8                HAL_DMA_Init
 .text.HAL_DMA_Start_IT
                0x000000000800229c       0xbe ./Drivers/STM32F1xx_HAL_Driver/Src/stm32f1xx_hal_dma.o
                0x000000000800229c                HAL_DMA_Start_IT
 .text.DMA_SetConfig
                0x000000000800235a       0x5a ./Drivers/STM32F1xx_HAL_Driver/Src/stm32f1xx_hal_dma.o
 .text.HAL_GPIO_Init
                0x00000000080023b4      0x308 ./Drivers/STM32F1xx_HAL_Driver/Src/stm32f1xx_hal_gpio.o
                0x00000000080023b4                HAL_GPIO_Init
 .text.HAL_GPIO_WritePin
                0x00000000080026bc       0x30 ./Drivers/STM32F1xx_HAL_Driver/Src/stm32f1xx_hal_gpio.o
                0x00000000080026bc                HAL_GPIO_WritePin
 .text.HAL_RCC_OscConfig
                0x00000000080026ec      0x504 ./Drivers/STM32F1xx_HAL_Driver/Src/stm32f1xx_hal_rcc.o
                0x00000000080026ec                HAL_RCC_OscConfig
 .text.HAL_RCC_ClockConfig
                0x0000000008002bf0      0x1d4 ./Drivers/STM32F1xx_HAL_Driver/Src/stm32f1xx_hal_rcc.o
                0x0000000008002bf0                HAL_RCC_ClockConfig
 .text.HAL_RCC_GetSysClockFreq
                0x0000000008002dc4       0xbc ./Drivers/STM32F1xx_HAL_Driver/Src/stm32f1xx_hal_rcc.o
                0x0000000008002dc4                HAL_RCC_GetSysClockFreq
 .text.RCC_Delay
                0x0000000008002e80       0x3c ./Drivers/STM32F1xx_HAL_Driver/Src/stm32f1xx_hal_rcc.o
 .text.HAL_RCCEx_PeriphCLKConfig
                0x0000000008002ebc      0x16c ./Drivers/STM32F1xx_HAL_Driver/Src/stm32f1xx_hal_rcc_ex.o
                0x0000000008002ebc                HAL_RCCEx_PeriphCLKConfig
 .text.__libc_init_array
                0x0000000008003028       0x48 /opt/st/stm32cubeide_1.11.2/plugins/com.st.stm32cube.ide.mcu.externaltools.gnu-tools-for-stm32.10.3-2021.10.linux64_1.0.100.202210260954/tools/bin/../lib/gcc/arm-none-eabi/10.3.1/../../../../arm-none-eabi/lib/thumb/v7-m/nofp/libc_nano.a(lib_a-init.o)
                0x0000000008003028                __libc_init_array
 .text.memcpy   0x0000000008003070       0x1c /opt/st/stm32cubeide_1.11.2/plugins/com.st.stm32cube.ide.mcu.externaltools.gnu-tools-for-stm32.10.3-2021.10.linux64_1.0.100.202210260954/tools/bin/../lib/gcc/arm-none-eabi/10.3.1/../../../../arm-none-eabi/lib/thumb/v7-m/nofp/libc_nano.a(lib_a-memcpy-stub.o)
                0x0000000008003070                memcpy
 .text.memset   0x000000000800308c       0x10 /opt/st/stm32cubeide_1.11.2/plugins/com.st.stm32cube.ide.mcu.externaltools.gnu-tools-for-stm32.10.3-2021.10.linux64_1.0.100.202210260954/tools/bin/../lib/gcc/arm-none-eabi/10.3.1/../../../../arm-none-eabi/lib/thumb/v7-m/nofp/libc_nano.a(lib_a-memset.o)
                0x000000000800308c                memset
 *(.glue_7)
 .glue_7        0x000000000800309c        0x0 linker stubs
 *(.glue_7t)
 .glue_7t       0x000000000800309c        0x0 linker stubs
 *(.eh_frame)
 .eh_frame      0x000000000800309c        0x0 /opt/st/stm32cubeide_1.11.2/plugins/com.st.stm32cube.ide.mcu.externaltools.gnu-tools-for-stm32.10.3-2021.10.linux64_1.0.100.202210260954/tools/bin/../lib/gcc/arm-none-eabi/10.3.1/thumb/v7-m/nofp/crtbegin.o
 *(.init)
 .init          0x000000000800309c        0x4 /opt/st/stm32cubeide_1.11.2/plugins/com.st.stm32cube.ide.mcu.externaltools.gnu-tools-for-stm32.10.3-2021.10.linux64_1.0.100.202210260954/tools/bin/../lib/gcc/arm-none-eabi/10.3.1/thumb/v7-m/nofp/crti.o
                0x000000000800309c                _init
 .init          0x00000000080030a0        0x8 /opt/st/stm32cubeide_1.11.2/plugins/com.st.stm32cube.ide.mcu.externaltools.gnu-tools-for-stm32.10.3-2021.10.linux64_1.0.100.202210260954/tools/bin/../lib/gcc/arm-none-eabi/10.3.1/thumb/v7-m/nofp/crtn.o
 *(.fini)
 .fini          0x00000000080030a8        0x4 /opt/st/stm32cubeide_1.11.2/plugins/com.st.stm32cube.ide.mcu.externaltools.gnu-tools-for-stm32.10.3-2021.10.linux64_1.0.100.202210260954/tools/bin/../lib/gcc/arm-none-eabi/10.3.1/thumb/v7-m/nofp/crti.o
                0x00000000080030a8                _fini
 .fini          0x00000000080030ac        0x8 /opt/st/stm32cubeide_1.11.2/plugins/com.st.stm32cube.ide.mcu.externaltools.gnu-tools-for-stm32.10.3-2021.10.linux64_1.0.100.202210260954/tools/bin/../lib/gcc/arm-none-eabi/10.3.1/thumb/v7-m/nofp/crtn.o
                0x00000000080030b4                . = ALIGN (0x4)
                0x00000000080030b4                _etext = .

.vfp11_veneer   0x00000000080030b4        0x0
 .vfp11_veneer  0x00000000080030b4        0x0 linker stubs

.v4_bx          0x00000000080030b4        0x0
 .v4_bx         0x00000000080030b4        0x0 linker stubs

.iplt           0x00000000080030b4        0x0
 .iplt          0x00000000080030b4        0x0 /opt/st/stm32cubeide_1.11.2/plugins/com.st.stm32cube.ide.mcu.externaltools.gnu-tools-for-stm32.10.3-2021.10.linux64_1.0.100.202210260954/tools/bin/../lib/gcc/arm-none-eabi/10.3.1/thumb/v7-m/nofp/crtbegin.o

.rodata         0x00000000080030b4       0x20
                0x00000000080030b4                . = ALIGN (0x4)
 *(.rodata)
 .rodata        0x00000000080030b4       0x10 ./Drivers/STM32F1xx_HAL_Driver/Src/stm32f1xx_hal_rcc.o
 *(.rodata*)
 .rodata.AHBPrescTable
                0x00000000080030c4       0x10 ./Core/Src/system_stm32f1xx.o
                0x00000000080030c4                AHBPrescTable
                0x00000000080030d4                . = ALIGN (0x4)

.rel.dyn        0x00000000080030d4        0x0
 .rel.iplt      0x00000000080030d4        0x0 /opt/st/stm32cubeide_1.11.2/plugins/com.st.stm32cube.ide.mcu.externaltools.gnu-tools-for-stm32.10.3-2021.10.linux64_1.0.100.202210260954/tools/bin/../lib/gcc/arm-none-eabi/10.3.1/thumb/v7-m/nofp/crtbegin.o

.ARM.extab      0x00000000080030d4        0x0
                0x00000000080030d4                . = ALIGN (0x4)
 *(.ARM.extab* .gnu.linkonce.armextab.*)
                0x00000000080030d4                . = ALIGN (0x4)

.ARM            0x00000000080030d4        0x0
                0x00000000080030d4                . = ALIGN (0x4)
                0x00000000080030d4                __exidx_start = .
 *(.ARM.exidx*)
                0x00000000080030d4                __exidx_end = .
                0x00000000080030d4                . = ALIGN (0x4)

.preinit_array  0x00000000080030d4        0x0
                0x00000000080030d4                . = ALIGN (0x4)
                0x00000000080030d4                PROVIDE (__preinit_array_start = .)
 *(.preinit_array*)
                0x00000000080030d4                PROVIDE (__preinit_array_end = .)
                0x00000000080030d4                . = ALIGN (0x4)

.init_array     0x00000000080030d4        0x4
                0x00000000080030d4                . = ALIGN (0x4)
                0x00000000080030d4                PROVIDE (__init_array_start = .)
 *(SORT_BY_NAME(.init_array.*))
 *(.init_array*)
 .init_array    0x00000000080030d4        0x4 /opt/st/stm32cubeide_1.11.2/plugins/com.st.stm32cube.ide.mcu.externaltools.gnu-tools-for-stm32.10.3-2021.10.linux64_1.0.100.202210260954/tools/bin/../lib/gcc/arm-none-eabi/10.3.1/thumb/v7-m/nofp/crtbegin.o
                0x00000000080030d8                PROVIDE (__init_array_end = .)
                0x00000000080030d8                . = ALIGN (0x4)

.fini_array     0x00000000080030d8        0x4
                0x00000000080030d8                . = ALIGN (0x4)
                [!provide]                        PROVIDE (__fini_array_start = .)
 *(SORT_BY_NAME(.fini_array.*))
 *(.fini_array*)
 .fini_array    0x00000000080030d8        0x4 /opt/st/stm32cubeide_1.11.2/plugins/com.st.stm32cube.ide.mcu.externaltools.gnu-tools-for-stm32.10.3-2021.10.linux64_1.0.100.202210260954/tools/bin/../lib/gcc/arm-none-eabi/10.3.1/thumb/v7-m/nofp/crtbegin.o
                [!provide]                        PROVIDE (__fini_array_end = .)
                0x00000000080030dc                . = ALIGN (0x4)
                0x00000000080030dc                _sidata = LOADADDR (.data)

.data           0x0000000020000000        0xc load address 0x00000000080030dc
                0x0000000020000000                . = ALIGN (0x4)
                0x0000000020000000                _sdata = .
 *(.data)
 *(.data*)
 .data.SystemCoreClock
                0x0000000020000000        0x4 ./Core/Src/system_stm32f1xx.o
                0x0000000020000000                SystemCoreClock
 .data.uwTickPrio
                0x0000000020000004        0x4 ./Drivers/STM32F1xx_HAL_Driver/Src/stm32f1xx_hal.o
                0x0000000020000004                uwTickPrio
 .data.uwTickFreq
                0x0000000020000008        0x1 ./Drivers/STM32F1xx_HAL_Driver/Src/stm32f1xx_hal.o
                0x0000000020000008                uwTickFreq
 *(.RamFunc)
 *(.RamFunc*)
                0x000000002000000c                . = ALIGN (0x4)
 *fill*         0x0000000020000009        0x3 
                0x000000002000000c                _edata = .

.igot.plt       0x000000002000000c        0x0 load address 0x00000000080030e8
 .igot.plt      0x000000002000000c        0x0 /opt/st/stm32cubeide_1.11.2/plugins/com.st.stm32cube.ide.mcu.externaltools.gnu-tools-for-stm32.10.3-2021.10.linux64_1.0.100.202210260954/tools/bin/../lib/gcc/arm-none-eabi/10.3.1/thumb/v7-m/nofp/crtbegin.o
                0x000000002000000c                . = ALIGN (0x4)

.bss            0x000000002000000c      0x52c load address 0x00000000080030e8
                0x000000002000000c                _sbss = .
                0x000000002000000c                __bss_start__ = _sbss
 *(.bss)
 .bss           0x000000002000000c       0x1c /opt/st/stm32cubeide_1.11.2/plugins/com.st.stm32cube.ide.mcu.externaltools.gnu-tools-for-stm32.10.3-2021.10.linux64_1.0.100.202210260954/tools/bin/../lib/gcc/arm-none-eabi/10.3.1/thumb/v7-m/nofp/crtbegin.o
 *(.bss*)
 .bss.hadc1     0x0000000020000028       0x30 ./Core/Src/adc.o
                0x0000000020000028                hadc1
 .bss.hdma_adc1
                0x0000000020000058       0x44 ./Core/Src/adc.o
                0x0000000020000058                hdma_adc1
 .bss.hcan      0x000000002000009c       0x28 ./Core/Src/can.o
                0x000000002000009c                hcan
 .bss.ee_ram    0x00000000200000c4      0x400 ./Core/Src/ee.o
                0x00000000200000c4                ee_ram
 .bss.TxHeader  0x00000000200004c4       0x18 ./Core/Src/main.o
                0x00000000200004c4                TxHeader
 .bss.TxData    0x00000000200004dc        0x8 ./Core/Src/main.o
                0x00000000200004dc                TxData
 .bss.TxMailbox
                0x00000000200004e4        0x4 ./Core/Src/main.o
                0x00000000200004e4                TxMailbox
 .bss.RxHeader  0x00000000200004e8       0x1c ./Core/Src/main.o
                0x00000000200004e8                RxHeader
 .bss.RxData    0x0000000020000504        0x8 ./Core/Src/main.o
                0x0000000020000504                RxData
 .bss.imp_timestamp
                0x000000002000050c        0x4 ./Core/Src/main.o
                0x000000002000050c                imp_timestamp
 .bss.apps_imp  0x0000000020000510        0x1 ./Core/Src/main.o
                0x0000000020000510                apps_imp
 *fill*         0x0000000020000511        0x3 
 .bss.offset    0x0000000020000514       0x10 ./Core/Src/main.o
                0x0000000020000514                offset
 .bss.apps      0x0000000020000524        0x3 ./Core/Src/main.o
                0x0000000020000524                apps
 *fill*         0x0000000020000527        0x1 
 .bss.adcReadings
                0x0000000020000528        0xc ./Core/Src/main.o
                0x0000000020000528                adcReadings
 .bss.uwTick    0x0000000020000534        0x4 ./Drivers/STM32F1xx_HAL_Driver/Src/stm32f1xx_hal.o
                0x0000000020000534                uwTick
 *(COMMON)
                0x0000000020000538                . = ALIGN (0x4)
                0x0000000020000538                _ebss = .
                0x0000000020000538                __bss_end__ = _ebss

._user_heap_stack
                0x0000000020000538      0x600 load address 0x00000000080030e8
                0x0000000020000538                . = ALIGN (0x8)
                [!provide]                        PROVIDE (end = .)
                0x0000000020000538                PROVIDE (_end = .)
                0x0000000020000738                . = (. + _Min_Heap_Size)
 *fill*         0x0000000020000538      0x200 
                0x0000000020000b38                . = (. + _Min_Stack_Size)
 *fill*         0x0000000020000738      0x400 
                0x0000000020000b38                . = ALIGN (0x8)

/DISCARD/
 libc.a(*)
 libm.a(*)
 libgcc.a(*)

.ARM.attributes
                0x0000000000000000       0x29
 *(.ARM.attributes)
 .ARM.attributes
                0x0000000000000000       0x1d /opt/st/stm32cubeide_1.11.2/plugins/com.st.stm32cube.ide.mcu.externaltools.gnu-tools-for-stm32.10.3-2021.10.linux64_1.0.100.202210260954/tools/bin/../lib/gcc/arm-none-eabi/10.3.1/thumb/v7-m/nofp/crti.o
 .ARM.attributes
                0x000000000000001d       0x2d /opt/st/stm32cubeide_1.11.2/plugins/com.st.stm32cube.ide.mcu.externaltools.gnu-tools-for-stm32.10.3-2021.10.linux64_1.0.100.202210260954/tools/bin/../lib/gcc/arm-none-eabi/10.3.1/thumb/v7-m/nofp/crtbegin.o
 .ARM.attributes
                0x000000000000004a       0x2d ./Core/Src/adc.o
 .ARM.attributes
                0x0000000000000077       0x2d ./Core/Src/can.o
 .ARM.attributes
                0x00000000000000a4       0x2d ./Core/Src/dma.o
 .ARM.attributes
                0x00000000000000d1       0x2d ./Core/Src/ee.o
 .ARM.attributes
                0x00000000000000fe       0x2d ./Core/Src/gpio.o
 .ARM.attributes
                0x000000000000012b       0x2d ./Core/Src/main.o
 .ARM.attributes
                0x0000000000000158       0x2d ./Core/Src/stm32f1xx_hal_msp.o
 .ARM.attributes
                0x0000000000000185       0x2d ./Core/Src/stm32f1xx_it.o
 .ARM.attributes
                0x00000000000001b2       0x2d ./Core/Src/system_stm32f1xx.o
 .ARM.attributes
                0x00000000000001df       0x2d ./Core/Src/ter.o
 .ARM.attributes
                0x000000000000020c       0x21 ./Core/Startup/startup_stm32f103c8tx.o
 .ARM.attributes
                0x000000000000022d       0x2d ./Drivers/STM32F1xx_HAL_Driver/Src/stm32f1xx_hal.o
 .ARM.attributes
                0x000000000000025a       0x2d ./Drivers/STM32F1xx_HAL_Driver/Src/stm32f1xx_hal_adc.o
 .ARM.attributes
                0x0000000000000287       0x2d ./Drivers/STM32F1xx_HAL_Driver/Src/stm32f1xx_hal_can.o
 .ARM.attributes
                0x00000000000002b4       0x2d ./Drivers/STM32F1xx_HAL_Driver/Src/stm32f1xx_hal_cortex.o
 .ARM.attributes
                0x00000000000002e1       0x2d ./Drivers/STM32F1xx_HAL_Driver/Src/stm32f1xx_hal_dma.o
 .ARM.attributes
                0x000000000000030e       0x2d ./Drivers/STM32F1xx_HAL_Driver/Src/stm32f1xx_hal_gpio.o
 .ARM.attributes
                0x000000000000033b       0x2d ./Drivers/STM32F1xx_HAL_Driver/Src/stm32f1xx_hal_rcc.o
 .ARM.attributes
                0x0000000000000368       0x2d ./Drivers/STM32F1xx_HAL_Driver/Src/stm32f1xx_hal_rcc_ex.o
 .ARM.attributes
                0x0000000000000395       0x2d /opt/st/stm32cubeide_1.11.2/plugins/com.st.stm32cube.ide.mcu.externaltools.gnu-tools-for-stm32.10.3-2021.10.linux64_1.0.100.202210260954/tools/bin/../lib/gcc/arm-none-eabi/10.3.1/../../../../arm-none-eabi/lib/thumb/v7-m/nofp/libc_nano.a(lib_a-init.o)
 .ARM.attributes
                0x00000000000003c2       0x2d /opt/st/stm32cubeide_1.11.2/plugins/com.st.stm32cube.ide.mcu.externaltools.gnu-tools-for-stm32.10.3-2021.10.linux64_1.0.100.202210260954/tools/bin/../lib/gcc/arm-none-eabi/10.3.1/../../../../arm-none-eabi/lib/thumb/v7-m/nofp/libc_nano.a(lib_a-memcpy-stub.o)
 .ARM.attributes
                0x00000000000003ef       0x2d /opt/st/stm32cubeide_1.11.2/plugins/com.st.stm32cube.ide.mcu.externaltools.gnu-tools-for-stm32.10.3-2021.10.linux64_1.0.100.202210260954/tools/bin/../lib/gcc/arm-none-eabi/10.3.1/../../../../arm-none-eabi/lib/thumb/v7-m/nofp/libc_nano.a(lib_a-memset.o)
 .ARM.attributes
                0x000000000000041c       0x1d /opt/st/stm32cubeide_1.11.2/plugins/com.st.stm32cube.ide.mcu.externaltools.gnu-tools-for-stm32.10.3-2021.10.linux64_1.0.100.202210260954/tools/bin/../lib/gcc/arm-none-eabi/10.3.1/thumb/v7-m/nofp/crtn.o
OUTPUT(TER_PEDAL.elf elf32-littlearm)
LOAD linker stubs
LOAD /opt/st/stm32cubeide_1.11.2/plugins/com.st.stm32cube.ide.mcu.externaltools.gnu-tools-for-stm32.10.3-2021.10.linux64_1.0.100.202210260954/tools/bin/../lib/gcc/arm-none-eabi/10.3.1/../../../../arm-none-eabi/lib/thumb/v7-m/nofp/libc.a
LOAD /opt/st/stm32cubeide_1.11.2/plugins/com.st.stm32cube.ide.mcu.externaltools.gnu-tools-for-stm32.10.3-2021.10.linux64_1.0.100.202210260954/tools/bin/../lib/gcc/arm-none-eabi/10.3.1/../../../../arm-none-eabi/lib/thumb/v7-m/nofp/libm.a
LOAD /opt/st/stm32cubeide_1.11.2/plugins/com.st.stm32cube.ide.mcu.externaltools.gnu-tools-for-stm32.10.3-2021.10.linux64_1.0.100.202210260954/tools/bin/../lib/gcc/arm-none-eabi/10.3.1/thumb/v7-m/nofp/libgcc.a

.debug_info     0x0000000000000000     0x84ee
 .debug_info    0x0000000000000000      0x87c ./Core/Src/adc.o
 .debug_info    0x000000000000087c      0x99d ./Core/Src/can.o
 .debug_info    0x0000000000001219      0x163 ./Core/Src/dma.o
 .debug_info    0x000000000000137c      0x3fc ./Core/Src/ee.o
 .debug_info    0x0000000000001778      0x2d1 ./Core/Src/gpio.o
 .debug_info    0x0000000000001a49     0x10f5 ./Core/Src/main.o
 .debug_info    0x0000000000002b3e      0x180 ./Core/Src/stm32f1xx_hal_msp.o
 .debug_info    0x0000000000002cbe      0x558 ./Core/Src/stm32f1xx_it.o
 .debug_info    0x0000000000003216      0x23d ./Core/Src/system_stm32f1xx.o
 .debug_info    0x0000000000003453      0x800 ./Core/Src/ter.o
 .debug_info    0x0000000000003c53       0x22 ./Core/Startup/startup_stm32f103c8tx.o
 .debug_info    0x0000000000003c75      0x734 ./Drivers/STM32F1xx_HAL_Driver/Src/stm32f1xx_hal.o
 .debug_info    0x00000000000043a9      0xcd9 ./Drivers/STM32F1xx_HAL_Driver/Src/stm32f1xx_hal_adc.o
 .debug_info    0x0000000000005082      0xfb8 ./Drivers/STM32F1xx_HAL_Driver/Src/stm32f1xx_hal_can.o
 .debug_info    0x000000000000603a      0xb20 ./Drivers/STM32F1xx_HAL_Driver/Src/stm32f1xx_hal_cortex.o
 .debug_info    0x0000000000006b5a      0x73f ./Drivers/STM32F1xx_HAL_Driver/Src/stm32f1xx_hal_dma.o
 .debug_info    0x0000000000007299      0x615 ./Drivers/STM32F1xx_HAL_Driver/Src/stm32f1xx_hal_gpio.o
 .debug_info    0x00000000000078ae      0x860 ./Drivers/STM32F1xx_HAL_Driver/Src/stm32f1xx_hal_rcc.o
 .debug_info    0x000000000000810e      0x3e0 ./Drivers/STM32F1xx_HAL_Driver/Src/stm32f1xx_hal_rcc_ex.o

.debug_abbrev   0x0000000000000000     0x216b
 .debug_abbrev  0x0000000000000000      0x1e1 ./Core/Src/adc.o
 .debug_abbrev  0x00000000000001e1      0x230 ./Core/Src/can.o
 .debug_abbrev  0x0000000000000411       0xb7 ./Core/Src/dma.o
 .debug_abbrev  0x00000000000004c8      0x246 ./Core/Src/ee.o
 .debug_abbrev  0x000000000000070e      0x134 ./Core/Src/gpio.o
 .debug_abbrev  0x0000000000000842      0x32b ./Core/Src/main.o
 .debug_abbrev  0x0000000000000b6d       0xc2 ./Core/Src/stm32f1xx_hal_msp.o
 .debug_abbrev  0x0000000000000c2f      0x183 ./Core/Src/stm32f1xx_it.o
 .debug_abbrev  0x0000000000000db2      0x13b ./Core/Src/system_stm32f1xx.o
 .debug_abbrev  0x0000000000000eed      0x174 ./Core/Src/ter.o
 .debug_abbrev  0x0000000000001061       0x12 ./Core/Startup/startup_stm32f103c8tx.o
 .debug_abbrev  0x0000000000001073      0x1fb ./Drivers/STM32F1xx_HAL_Driver/Src/stm32f1xx_hal.o
 .debug_abbrev  0x000000000000126e      0x210 ./Drivers/STM32F1xx_HAL_Driver/Src/stm32f1xx_hal_adc.o
 .debug_abbrev  0x000000000000147e      0x21d ./Drivers/STM32F1xx_HAL_Driver/Src/stm32f1xx_hal_can.o
 .debug_abbrev  0x000000000000169b      0x2ed ./Drivers/STM32F1xx_HAL_Driver/Src/stm32f1xx_hal_cortex.o
 .debug_abbrev  0x0000000000001988      0x1fe ./Drivers/STM32F1xx_HAL_Driver/Src/stm32f1xx_hal_dma.o
 .debug_abbrev  0x0000000000001b86      0x1bb ./Drivers/STM32F1xx_HAL_Driver/Src/stm32f1xx_hal_gpio.o
 .debug_abbrev  0x0000000000001d41      0x2a8 ./Drivers/STM32F1xx_HAL_Driver/Src/stm32f1xx_hal_rcc.o
 .debug_abbrev  0x0000000000001fe9      0x182 ./Drivers/STM32F1xx_HAL_Driver/Src/stm32f1xx_hal_rcc_ex.o

.debug_aranges  0x0000000000000000      0x8c8
 .debug_aranges
                0x0000000000000000       0x30 ./Core/Src/adc.o
 .debug_aranges
                0x0000000000000030       0x30 ./Core/Src/can.o
 .debug_aranges
                0x0000000000000060       0x20 ./Core/Src/dma.o
 .debug_aranges
                0x0000000000000080       0x50 ./Core/Src/ee.o
 .debug_aranges
                0x00000000000000d0       0x20 ./Core/Src/gpio.o
 .debug_aranges
                0x00000000000000f0       0x50 ./Core/Src/main.o
 .debug_aranges
                0x0000000000000140       0x20 ./Core/Src/stm32f1xx_hal_msp.o
 .debug_aranges
                0x0000000000000160       0x70 ./Core/Src/stm32f1xx_it.o
 .debug_aranges
                0x00000000000001d0       0x28 ./Core/Src/system_stm32f1xx.o
 .debug_aranges
                0x00000000000001f8      0x108 ./Core/Src/ter.o
 .debug_aranges
                0x0000000000000300       0x28 ./Core/Startup/startup_stm32f103c8tx.o
 .debug_aranges
                0x0000000000000328       0xe0 ./Drivers/STM32F1xx_HAL_Driver/Src/stm32f1xx_hal.o
 .debug_aranges
                0x0000000000000408       0xf0 ./Drivers/STM32F1xx_HAL_Driver/Src/stm32f1xx_hal_adc.o
 .debug_aranges
                0x00000000000004f8      0x138 ./Drivers/STM32F1xx_HAL_Driver/Src/stm32f1xx_hal_can.o
 .debug_aranges
                0x0000000000000630      0x100 ./Drivers/STM32F1xx_HAL_Driver/Src/stm32f1xx_hal_cortex.o
 .debug_aranges
                0x0000000000000730       0x80 ./Drivers/STM32F1xx_HAL_Driver/Src/stm32f1xx_hal_dma.o
 .debug_aranges
                0x00000000000007b0       0x58 ./Drivers/STM32F1xx_HAL_Driver/Src/stm32f1xx_hal_gpio.o
 .debug_aranges
                0x0000000000000808       0x90 ./Drivers/STM32F1xx_HAL_Driver/Src/stm32f1xx_hal_rcc.o
 .debug_aranges
                0x0000000000000898       0x30 ./Drivers/STM32F1xx_HAL_Driver/Src/stm32f1xx_hal_rcc_ex.o

.debug_ranges   0x0000000000000000      0x7a0
 .debug_ranges  0x0000000000000000       0x20 ./Core/Src/adc.o
 .debug_ranges  0x0000000000000020       0x20 ./Core/Src/can.o
 .debug_ranges  0x0000000000000040       0x10 ./Core/Src/dma.o
 .debug_ranges  0x0000000000000050       0x40 ./Core/Src/ee.o
 .debug_ranges  0x0000000000000090       0x10 ./Core/Src/gpio.o
 .debug_ranges  0x00000000000000a0       0x40 ./Core/Src/main.o
 .debug_ranges  0x00000000000000e0       0x10 ./Core/Src/stm32f1xx_hal_msp.o
 .debug_ranges  0x00000000000000f0       0x60 ./Core/Src/stm32f1xx_it.o
 .debug_ranges  0x0000000000000150       0x18 ./Core/Src/system_stm32f1xx.o
 .debug_ranges  0x0000000000000168       0xf8 ./Core/Src/ter.o
 .debug_ranges  0x0000000000000260       0x20 ./Core/Startup/startup_stm32f103c8tx.o
 .debug_ranges  0x0000000000000280       0xd0 ./Drivers/STM32F1xx_HAL_Driver/Src/stm32f1xx_hal.o
 .debug_ranges  0x0000000000000350       0xe0 ./Drivers/STM32F1xx_HAL_Driver/Src/stm32f1xx_hal_adc.o
 .debug_ranges  0x0000000000000430      0x128 ./Drivers/STM32F1xx_HAL_Driver/Src/stm32f1xx_hal_can.o
 .debug_ranges  0x0000000000000558       0xf0 ./Drivers/STM32F1xx_HAL_Driver/Src/stm32f1xx_hal_cortex.o
 .debug_ranges  0x0000000000000648       0x70 ./Drivers/STM32F1xx_HAL_Driver/Src/stm32f1xx_hal_dma.o
 .debug_ranges  0x00000000000006b8       0x48 ./Drivers/STM32F1xx_HAL_Driver/Src/stm32f1xx_hal_gpio.o
 .debug_ranges  0x0000000000000700       0x80 ./Drivers/STM32F1xx_HAL_Driver/Src/stm32f1xx_hal_rcc.o
 .debug_ranges  0x0000000000000780       0x20 ./Drivers/STM32F1xx_HAL_Driver/Src/stm32f1xx_hal_rcc_ex.o

.debug_macro    0x0000000000000000    0x17ea0
 .debug_macro   0x0000000000000000      0x1b6 ./Core/Src/adc.o
 .debug_macro   0x00000000000001b6      0xa6c ./Core/Src/adc.o
 .debug_macro   0x0000000000000c22      0x221 ./Core/Src/adc.o
 .debug_macro   0x0000000000000e43       0x2e ./Core/Src/adc.o
 .debug_macro   0x0000000000000e71       0x22 ./Core/Src/adc.o
 .debug_macro   0x0000000000000e93       0x22 ./Core/Src/adc.o
 .debug_macro   0x0000000000000eb5       0x8e ./Core/Src/adc.o
 .debug_macro   0x0000000000000f43       0x51 ./Core/Src/adc.o
 .debug_macro   0x0000000000000f94      0x103 ./Core/Src/adc.o
 .debug_macro   0x0000000000001097       0x6a ./Core/Src/adc.o
 .debug_macro   0x0000000000001101      0x1df ./Core/Src/adc.o
 .debug_macro   0x00000000000012e0       0x1c ./Core/Src/adc.o
 .debug_macro   0x00000000000012fc       0x22 ./Core/Src/adc.o
 .debug_macro   0x000000000000131e       0xbd ./Core/Src/adc.o
 .debug_macro   0x00000000000013db      0xd23 ./Core/Src/adc.o
 .debug_macro   0x00000000000020fe     0xe09e ./Core/Src/adc.o
 .debug_macro   0x000000000001019c       0x6d ./Core/Src/adc.o
 .debug_macro   0x0000000000010209     0x3468 ./Core/Src/adc.o
 .debug_macro   0x0000000000013671      0x174 ./Core/Src/adc.o
 .debug_macro   0x00000000000137e5       0x5c ./Core/Src/adc.o
 .debug_macro   0x0000000000013841      0x5be ./Core/Src/adc.o
 .debug_macro   0x0000000000013dff      0x289 ./Core/Src/adc.o
 .debug_macro   0x0000000000014088      0x1cb ./Core/Src/adc.o
 .debug_macro   0x0000000000014253      0x114 ./Core/Src/adc.o
 .debug_macro   0x0000000000014367      0x1b2 ./Core/Src/adc.o
 .debug_macro   0x0000000000014519       0x27 ./Core/Src/adc.o
 .debug_macro   0x0000000000014540      0x136 ./Core/Src/adc.o
 .debug_macro   0x0000000000014676      0x1bc ./Core/Src/adc.o
 .debug_macro   0x0000000000014832       0x34 ./Core/Src/adc.o
 .debug_macro   0x0000000000014866       0x3c ./Core/Src/adc.o
 .debug_macro   0x00000000000148a2      0x408 ./Core/Src/adc.o
 .debug_macro   0x0000000000014caa       0x57 ./Core/Src/adc.o
 .debug_macro   0x0000000000014d01      0x46a ./Core/Src/adc.o
 .debug_macro   0x000000000001516b      0x1b5 ./Core/Src/adc.o
 .debug_macro   0x0000000000015320       0x88 ./Core/Src/adc.o
 .debug_macro   0x00000000000153a8      0x241 ./Core/Src/adc.o
 .debug_macro   0x00000000000155e9      0x141 ./Core/Src/adc.o
 .debug_macro   0x000000000001572a       0x83 ./Core/Src/adc.o
 .debug_macro   0x00000000000157ad      0x1d2 ./Core/Src/can.o
 .debug_macro   0x000000000001597f       0x22 ./Core/Src/can.o
 .debug_macro   0x00000000000159a1       0x46 ./Core/Src/can.o
 .debug_macro   0x00000000000159e7      0x1b6 ./Core/Src/dma.o
 .debug_macro   0x0000000000015b9d      0x2c0 ./Core/Src/ee.o
 .debug_macro   0x0000000000015e5d       0x1c ./Core/Src/ee.o
 .debug_macro   0x0000000000015e79       0x52 ./Core/Src/ee.o
 .debug_macro   0x0000000000015ecb       0x18 ./Core/Src/ee.o
 .debug_macro   0x0000000000015ee3       0x3c ./Core/Src/ee.o
 .debug_macro   0x0000000000015f1f       0x34 ./Core/Src/ee.o
 .debug_macro   0x0000000000015f53       0x16 ./Core/Src/ee.o
 .debug_macro   0x0000000000015f69       0x43 ./Core/Src/ee.o
 .debug_macro   0x0000000000015fac       0x34 ./Core/Src/ee.o
 .debug_macro   0x0000000000015fe0       0x10 ./Core/Src/ee.o
 .debug_macro   0x0000000000015ff0       0x58 ./Core/Src/ee.o
 .debug_macro   0x0000000000016048       0x71 ./Core/Src/ee.o
 .debug_macro   0x00000000000160b9       0x1c ./Core/Src/ee.o
 .debug_macro   0x00000000000160d5      0x12a ./Core/Src/ee.o
 .debug_macro   0x00000000000161ff      0x341 ./Core/Src/ee.o
 .debug_macro   0x0000000000016540       0x10 ./Core/Src/ee.o
 .debug_macro   0x0000000000016550       0x35 ./Core/Src/ee.o
 .debug_macro   0x0000000000016585       0x20 ./Core/Src/ee.o
 .debug_macro   0x00000000000165a5      0x1b6 ./Core/Src/gpio.o
 .debug_macro   0x000000000001675b      0x2ca ./Core/Src/main.o
 .debug_macro   0x0000000000016a25       0x16 ./Core/Src/main.o
 .debug_macro   0x0000000000016a3b       0x16 ./Core/Src/main.o
 .debug_macro   0x0000000000016a51       0x29 ./Core/Src/main.o
 .debug_macro   0x0000000000016a7a      0x1ac ./Core/Src/stm32f1xx_hal_msp.o
 .debug_macro   0x0000000000016c26      0x1b6 ./Core/Src/stm32f1xx_it.o
 .debug_macro   0x0000000000016ddc      0x1a2 ./Core/Src/system_stm32f1xx.o
 .debug_macro   0x0000000000016f7e      0x14c ./Core/Src/ter.o
 .debug_macro   0x00000000000170ca      0x1c6 ./Drivers/STM32F1xx_HAL_Driver/Src/stm32f1xx_hal.o
 .debug_macro   0x0000000000017290      0x1bf ./Drivers/STM32F1xx_HAL_Driver/Src/stm32f1xx_hal_adc.o
 .debug_macro   0x000000000001744f      0x1aa ./Drivers/STM32F1xx_HAL_Driver/Src/stm32f1xx_hal_can.o
 .debug_macro   0x00000000000175f9      0x1a2 ./Drivers/STM32F1xx_HAL_Driver/Src/stm32f1xx_hal_cortex.o
 .debug_macro   0x000000000001779b      0x1a2 ./Drivers/STM32F1xx_HAL_Driver/Src/stm32f1xx_hal_dma.o
 .debug_macro   0x000000000001793d      0x20d ./Drivers/STM32F1xx_HAL_Driver/Src/stm32f1xx_hal_gpio.o
 .debug_macro   0x0000000000017b4a      0x1b4 ./Drivers/STM32F1xx_HAL_Driver/Src/stm32f1xx_hal_rcc.o
 .debug_macro   0x0000000000017cfe      0x1a2 ./Drivers/STM32F1xx_HAL_Driver/Src/stm32f1xx_hal_rcc_ex.o

.debug_line     0x0000000000000000     0xab93
 .debug_line    0x0000000000000000      0x710 ./Core/Src/adc.o
 .debug_line    0x0000000000000710      0x6ff ./Core/Src/can.o
 .debug_line    0x0000000000000e0f      0x64e ./Core/Src/dma.o
 .debug_line    0x000000000000145d      0x99e ./Core/Src/ee.o
 .debug_line    0x0000000000001dfb      0x662 ./Core/Src/gpio.o
 .debug_line    0x000000000000245d      0x964 ./Core/Src/main.o
 .debug_line    0x0000000000002dc1      0x654 ./Core/Src/stm32f1xx_hal_msp.o
 .debug_line    0x0000000000003415      0x747 ./Core/Src/stm32f1xx_it.o
 .debug_line    0x0000000000003b5c      0x6d3 ./Core/Src/system_stm32f1xx.o
 .debug_line    0x000000000000422f      0x894 ./Core/Src/ter.o
 .debug_line    0x0000000000004ac3       0x87 ./Core/Startup/startup_stm32f103c8tx.o
 .debug_line    0x0000000000004b4a      0x900 ./Drivers/STM32F1xx_HAL_Driver/Src/stm32f1xx_hal.o
 .debug_line    0x000000000000544a      0xf77 ./Drivers/STM32F1xx_HAL_Driver/Src/stm32f1xx_hal_adc.o
 .debug_line    0x00000000000063c1     0x10a1 ./Drivers/STM32F1xx_HAL_Driver/Src/stm32f1xx_hal_can.o
 .debug_line    0x0000000000007462      0xae8 ./Drivers/STM32F1xx_HAL_Driver/Src/stm32f1xx_hal_cortex.o
 .debug_line    0x0000000000007f4a      0xd58 ./Drivers/STM32F1xx_HAL_Driver/Src/stm32f1xx_hal_dma.o
 .debug_line    0x0000000000008ca2      0x997 ./Drivers/STM32F1xx_HAL_Driver/Src/stm32f1xx_hal_gpio.o
 .debug_line    0x0000000000009639      0xd0e ./Drivers/STM32F1xx_HAL_Driver/Src/stm32f1xx_hal_rcc.o
 .debug_line    0x000000000000a347      0x84c ./Drivers/STM32F1xx_HAL_Driver/Src/stm32f1xx_hal_rcc_ex.o

.debug_str      0x0000000000000000    0x86d71
 .debug_str     0x0000000000000000    0x816c2 ./Core/Src/adc.o
                                      0x81a69 (size before relaxing)
 .debug_str     0x00000000000816c2      0x77f ./Core/Src/can.o
                                      0x81edb (size before relaxing)
 .debug_str     0x0000000000081e41       0x29 ./Core/Src/dma.o
                                      0x815f5 (size before relaxing)
 .debug_str     0x0000000000081e6a     0x3075 ./Core/Src/ee.o
                                      0x846a9 (size before relaxing)
 .debug_str     0x0000000000084edf       0x68 ./Core/Src/gpio.o
                                      0x8169e (size before relaxing)
 .debug_str     0x0000000000084f47      0x4ac ./Core/Src/main.o
                                      0x85018 (size before relaxing)
 .debug_str     0x00000000000853f3       0x2c ./Core/Src/stm32f1xx_hal_msp.o
                                      0x815f8 (size before relaxing)
 .debug_str     0x000000000008541f       0xf0 ./Core/Src/stm32f1xx_it.o
                                      0x81930 (size before relaxing)
 .debug_str     0x000000000008550f       0x7e ./Core/Src/system_stm32f1xx.o
                                      0x81651 (size before relaxing)
 .debug_str     0x000000000008558d      0x2b8 ./Core/Src/ter.o
                                       0x71ce (size before relaxing)
 .debug_str     0x0000000000085845       0x36 ./Core/Startup/startup_stm32f103c8tx.o
                                         0x79 (size before relaxing)
 .debug_str     0x000000000008587b      0x378 ./Drivers/STM32F1xx_HAL_Driver/Src/stm32f1xx_hal.o
                                      0x81d84 (size before relaxing)
 .debug_str     0x0000000000085bf3      0x391 ./Drivers/STM32F1xx_HAL_Driver/Src/stm32f1xx_hal_adc.o
                                      0x81d2e (size before relaxing)
 .debug_str     0x0000000000085f84      0x3d5 ./Drivers/STM32F1xx_HAL_Driver/Src/stm32f1xx_hal_can.o
                                      0x81e51 (size before relaxing)
 .debug_str     0x0000000000086359      0x26c ./Drivers/STM32F1xx_HAL_Driver/Src/stm32f1xx_hal_cortex.o
                                      0x81cd0 (size before relaxing)
 .debug_str     0x00000000000865c5      0x1fa ./Drivers/STM32F1xx_HAL_Driver/Src/stm32f1xx_hal_dma.o
                                      0x819fa (size before relaxing)
 .debug_str     0x00000000000867bf      0x305 ./Drivers/STM32F1xx_HAL_Driver/Src/stm32f1xx_hal_gpio.o
                                      0x819d7 (size before relaxing)
 .debug_str     0x0000000000086ac4      0x229 ./Drivers/STM32F1xx_HAL_Driver/Src/stm32f1xx_hal_rcc.o
                                      0x81a80 (size before relaxing)
 .debug_str     0x0000000000086ced       0x84 ./Drivers/STM32F1xx_HAL_Driver/Src/stm32f1xx_hal_rcc_ex.o
                                      0x817d0 (size before relaxing)

.comment        0x0000000000000000       0x50
 .comment       0x0000000000000000       0x50 ./Core/Src/adc.o
                                         0x51 (size before relaxing)
 .comment       0x0000000000000050       0x51 ./Core/Src/can.o
 .comment       0x0000000000000050       0x51 ./Core/Src/dma.o
 .comment       0x0000000000000050       0x51 ./Core/Src/ee.o
 .comment       0x0000000000000050       0x51 ./Core/Src/gpio.o
 .comment       0x0000000000000050       0x51 ./Core/Src/main.o
 .comment       0x0000000000000050       0x51 ./Core/Src/stm32f1xx_hal_msp.o
 .comment       0x0000000000000050       0x51 ./Core/Src/stm32f1xx_it.o
 .comment       0x0000000000000050       0x51 ./Core/Src/system_stm32f1xx.o
 .comment       0x0000000000000050       0x51 ./Core/Src/ter.o
 .comment       0x0000000000000050       0x51 ./Drivers/STM32F1xx_HAL_Driver/Src/stm32f1xx_hal.o
 .comment       0x0000000000000050       0x51 ./Drivers/STM32F1xx_HAL_Driver/Src/stm32f1xx_hal_adc.o
 .comment       0x0000000000000050       0x51 ./Drivers/STM32F1xx_HAL_Driver/Src/stm32f1xx_hal_can.o
 .comment       0x0000000000000050       0x51 ./Drivers/STM32F1xx_HAL_Driver/Src/stm32f1xx_hal_cortex.o
 .comment       0x0000000000000050       0x51 ./Drivers/STM32F1xx_HAL_Driver/Src/stm32f1xx_hal_dma.o
 .comment       0x0000000000000050       0x51 ./Drivers/STM32F1xx_HAL_Driver/Src/stm32f1xx_hal_gpio.o
 .comment       0x0000000000000050       0x51 ./Drivers/STM32F1xx_HAL_Driver/Src/stm32f1xx_hal_rcc.o
 .comment       0x0000000000000050       0x51 ./Drivers/STM32F1xx_HAL_Driver/Src/stm32f1xx_hal_rcc_ex.o

.debug_frame    0x0000000000000000     0x214c
 .debug_frame   0x0000000000000000       0x7c ./Core/Src/adc.o
 .debug_frame   0x000000000000007c       0x74 ./Core/Src/can.o
 .debug_frame   0x00000000000000f0       0x38 ./Core/Src/dma.o
 .debug_frame   0x0000000000000128      0x10c ./Core/Src/ee.o
 .debug_frame   0x0000000000000234       0x34 ./Core/Src/gpio.o
 .debug_frame   0x0000000000000268       0xfc ./Core/Src/main.o
 .debug_frame   0x0000000000000364       0x38 ./Core/Src/stm32f1xx_hal_msp.o
 .debug_frame   0x000000000000039c      0x13c ./Core/Src/stm32f1xx_it.o
 .debug_frame   0x00000000000004d8       0x58 ./Core/Src/system_stm32f1xx.o
 .debug_frame   0x0000000000000530      0x4ac ./Core/Src/ter.o
 .debug_frame   0x00000000000009dc      0x334 ./Drivers/STM32F1xx_HAL_Driver/Src/stm32f1xx_hal.o
 .debug_frame   0x0000000000000d10      0x40c ./Drivers/STM32F1xx_HAL_Driver/Src/stm32f1xx_hal_adc.o
 .debug_frame   0x000000000000111c      0x5a0 ./Drivers/STM32F1xx_HAL_Driver/Src/stm32f1xx_hal_can.o
 .debug_frame   0x00000000000016bc      0x428 ./Drivers/STM32F1xx_HAL_Driver/Src/stm32f1xx_hal_cortex.o
 .debug_frame   0x0000000000001ae4      0x208 ./Drivers/STM32F1xx_HAL_Driver/Src/stm32f1xx_hal_dma.o
 .debug_frame   0x0000000000001cec      0x14c ./Drivers/STM32F1xx_HAL_Driver/Src/stm32f1xx_hal_gpio.o
 .debug_frame   0x0000000000001e38      0x21c ./Drivers/STM32F1xx_HAL_Driver/Src/stm32f1xx_hal_rcc.o
 .debug_frame   0x0000000000002054       0x84 ./Drivers/STM32F1xx_HAL_Driver/Src/stm32f1xx_hal_rcc_ex.o
 .debug_frame   0x00000000000020d8       0x2c /opt/st/stm32cubeide_1.11.2/plugins/com.st.stm32cube.ide.mcu.externaltools.gnu-tools-for-stm32.10.3-2021.10.linux64_1.0.100.202210260954/tools/bin/../lib/gcc/arm-none-eabi/10.3.1/../../../../arm-none-eabi/lib/thumb/v7-m/nofp/libc_nano.a(lib_a-init.o)
 .debug_frame   0x0000000000002104       0x28 /opt/st/stm32cubeide_1.11.2/plugins/com.st.stm32cube.ide.mcu.externaltools.gnu-tools-for-stm32.10.3-2021.10.linux64_1.0.100.202210260954/tools/bin/../lib/gcc/arm-none-eabi/10.3.1/../../../../arm-none-eabi/lib/thumb/v7-m/nofp/libc_nano.a(lib_a-memcpy-stub.o)
 .debug_frame   0x000000000000212c       0x20 /opt/st/stm32cubeide_1.11.2/plugins/com.st.stm32cube.ide.mcu.externaltools.gnu-tools-for-stm32.10.3-2021.10.linux64_1.0.100.202210260954/tools/bin/../lib/gcc/arm-none-eabi/10.3.1/../../../../arm-none-eabi/lib/thumb/v7-m/nofp/libc_nano.a(lib_a-memset.o)
