../DBC/inverter.c:35:23:pack_left_shift_u8	16	static
../DBC/inverter.c:43:23:pack_left_shift_u16	16	static
../DBC/inverter.c:51:23:pack_left_shift_u32	16	static
../DBC/inverter.c:59:23:pack_right_shift_u8	16	static
../DBC/inverter.c:67:23:pack_right_shift_u16	16	static
../DBC/inverter.c:75:23:pack_right_shift_u32	16	static
../DBC/inverter.c:83:23:unpack_left_shift_u8	16	static
../DBC/inverter.c:91:24:unpack_left_shift_u16	16	static
../DBC/inverter.c:99:24:unpack_left_shift_u32	16	static
../DBC/inverter.c:107:23:unpack_right_shift_u8	16	static
../DBC/inverter.c:115:24:unpack_right_shift_u16	16	static
../DBC/inverter.c:123:24:unpack_right_shift_u32	16	static
../DBC/inverter.c:131:5:inverter_emcu_state_9_left_pack	32	static
../DBC/inverter.c:154:5:inverter_emcu_state_9_left_unpack	32	static
../DBC/inverter.c:175:5:inverter_emcu_state_9_left_init	16	static
../DBC/inverter.c:184:9:inverter_emcu_state_9_left_e2_e_p1_crc_encode	16	static
../DBC/inverter.c:189:7:inverter_emcu_state_9_left_e2_e_p1_crc_decode	16	static
../DBC/inverter.c:194:6:inverter_emcu_state_9_left_e2_e_p1_crc_is_in_range	16	static
../DBC/inverter.c:201:9:inverter_emcu_state_9_left_e2_e_p1_zero_encode	16	static
../DBC/inverter.c:206:7:inverter_emcu_state_9_left_e2_e_p1_zero_decode	16	static
../DBC/inverter.c:211:6:inverter_emcu_state_9_left_e2_e_p1_zero_is_in_range	16	static
../DBC/inverter.c:216:9:inverter_emcu_state_9_left_e2_e_p1_cnt_encode	16	static
../DBC/inverter.c:221:7:inverter_emcu_state_9_left_e2_e_p1_cnt_decode	16	static
../DBC/inverter.c:226:6:inverter_emcu_state_9_left_e2_e_p1_cnt_is_in_range	16	static
../DBC/inverter.c:231:9:inverter_emcu_state_9_left_torque_est_nm_encode	16	static
../DBC/inverter.c:236:7:inverter_emcu_state_9_left_torque_est_nm_decode	16	static
../DBC/inverter.c:241:6:inverter_emcu_state_9_left_torque_est_nm_is_in_range	16	static
../DBC/inverter.c:248:5:inverter_emcu_state_8_left_pack	32	static
../DBC/inverter.c:276:5:inverter_emcu_state_8_left_unpack	32	static
../DBC/inverter.c:302:5:inverter_emcu_state_8_left_init	16	static
../DBC/inverter.c:311:9:inverter_emcu_state_8_left_torque_max_feas_ndm_encode	16	static
../DBC/inverter.c:316:7:inverter_emcu_state_8_left_torque_max_feas_ndm_decode	16	static
../DBC/inverter.c:321:6:inverter_emcu_state_8_left_torque_max_feas_ndm_is_in_range	16	static
../DBC/inverter.c:328:9:inverter_emcu_state_8_left_setpoint_app_d_a_encode	16	static
../DBC/inverter.c:333:7:inverter_emcu_state_8_left_setpoint_app_d_a_decode	16	static
../DBC/inverter.c:338:6:inverter_emcu_state_8_left_setpoint_app_d_a_is_in_range	16	static
../DBC/inverter.c:345:9:inverter_emcu_state_8_left_setpoint_app_q_a_encode	16	static
../DBC/inverter.c:350:7:inverter_emcu_state_8_left_setpoint_app_q_a_decode	16	static
../DBC/inverter.c:355:6:inverter_emcu_state_8_left_setpoint_app_q_a_is_in_range	16	static
../DBC/inverter.c:362:5:inverter_emcu_state_7_left_pack	24	static
../DBC/inverter.c:379:5:inverter_emcu_state_7_left_unpack	24	static
../DBC/inverter.c:394:5:inverter_emcu_state_7_left_init	16	static
../DBC/inverter.c:403:10:inverter_emcu_state_7_left_dem_encode	16	static
../DBC/inverter.c:408:7:inverter_emcu_state_7_left_dem_decode	16	static
../DBC/inverter.c:413:6:inverter_emcu_state_7_left_dem_is_in_range	16	static
../DBC/inverter.c:420:5:inverter_emcu_state_6_left_pack	32	static
../DBC/inverter.c:451:5:inverter_emcu_state_6_left_unpack	32	static
../DBC/inverter.c:480:5:inverter_emcu_state_6_left_init	16	static
../DBC/inverter.c:489:10:inverter_emcu_state_6_left_dc_bus_voltage_v_encode	16	static
../DBC/inverter.c:494:7:inverter_emcu_state_6_left_dc_bus_voltage_v_decode	16	static
../DBC/inverter.c:499:6:inverter_emcu_state_6_left_dc_bus_voltage_v_is_in_range	16	static
../DBC/inverter.c:504:9:inverter_emcu_state_6_left_ac_bus_power_w_encode	16	static
../DBC/inverter.c:509:7:inverter_emcu_state_6_left_ac_bus_power_w_decode	16	static
../DBC/inverter.c:514:6:inverter_emcu_state_6_left_ac_bus_power_w_is_in_range	16	static
../DBC/inverter.c:521:9:inverter_emcu_state_6_left_dc_bus_power_w_encode	16	static
../DBC/inverter.c:526:7:inverter_emcu_state_6_left_dc_bus_power_w_decode	16	static
../DBC/inverter.c:531:6:inverter_emcu_state_6_left_dc_bus_power_w_is_in_range	16	static
../DBC/inverter.c:538:9:inverter_emcu_state_6_left_ac_bus_voltage_v_encode	16	static
../DBC/inverter.c:543:7:inverter_emcu_state_6_left_ac_bus_voltage_v_decode	16	static
../DBC/inverter.c:548:6:inverter_emcu_state_6_left_ac_bus_voltage_v_is_in_range	16	static
../DBC/inverter.c:555:5:inverter_emcu_state_5_left_pack	24	static
../DBC/inverter.c:574:5:inverter_emcu_state_5_left_unpack	24	static
../DBC/inverter.c:591:5:inverter_emcu_state_5_left_init	16	static
../DBC/inverter.c:600:9:inverter_emcu_state_5_left_cmd_src_app_encode	16	static
../DBC/inverter.c:605:7:inverter_emcu_state_5_left_cmd_src_app_decode	16	static
../DBC/inverter.c:610:6:inverter_emcu_state_5_left_cmd_src_app_is_in_range	16	static
../DBC/inverter.c:615:9:inverter_emcu_state_5_left_ctrl_type_app_encode	16	static
../DBC/inverter.c:620:7:inverter_emcu_state_5_left_ctrl_type_app_decode	16	static
../DBC/inverter.c:625:6:inverter_emcu_state_5_left_ctrl_type_app_is_in_range	16	static
../DBC/inverter.c:630:9:inverter_emcu_state_5_left_ctrl_mode_app_encode	16	static
../DBC/inverter.c:635:7:inverter_emcu_state_5_left_ctrl_mode_app_decode	16	static
../DBC/inverter.c:640:6:inverter_emcu_state_5_left_ctrl_mode_app_is_in_range	16	static
../DBC/inverter.c:645:9:inverter_emcu_state_5_left_pos_fb_src_app_encode	16	static
../DBC/inverter.c:650:7:inverter_emcu_state_5_left_pos_fb_src_app_decode	16	static
../DBC/inverter.c:655:6:inverter_emcu_state_5_left_pos_fb_src_app_is_in_range	16	static
../DBC/inverter.c:660:5:inverter_emcu_state_4_left_pack	32	static
../DBC/inverter.c:691:5:inverter_emcu_state_4_left_unpack	32	static
../DBC/inverter.c:720:5:inverter_emcu_state_4_left_init	16	static
../DBC/inverter.c:729:8:inverter_emcu_state_4_left_board_1_temp_deg_c_encode	16	static
../DBC/inverter.c:734:7:inverter_emcu_state_4_left_board_1_temp_deg_c_decode	16	static
../DBC/inverter.c:739:6:inverter_emcu_state_4_left_board_1_temp_deg_c_is_in_range	16	static
../DBC/inverter.c:746:8:inverter_emcu_state_4_left_board_2_temp_deg_c_encode	16	static
../DBC/inverter.c:751:7:inverter_emcu_state_4_left_board_2_temp_deg_c_decode	16	static
../DBC/inverter.c:756:6:inverter_emcu_state_4_left_board_2_temp_deg_c_is_in_range	16	static
../DBC/inverter.c:763:8:inverter_emcu_state_4_left_pwr_stg_temp_deg_c_encode	16	static
../DBC/inverter.c:768:7:inverter_emcu_state_4_left_pwr_stg_temp_deg_c_decode	16	static
../DBC/inverter.c:773:6:inverter_emcu_state_4_left_pwr_stg_temp_deg_c_is_in_range	16	static
../DBC/inverter.c:780:8:inverter_emcu_state_4_left_e_machine_temp_1_deg_c_encode	16	static
../DBC/inverter.c:785:7:inverter_emcu_state_4_left_e_machine_temp_1_deg_c_decode	16	static
../DBC/inverter.c:790:6:inverter_emcu_state_4_left_e_machine_temp_1_deg_c_is_in_range	16	static
../DBC/inverter.c:797:8:inverter_emcu_state_4_left_e_machine_temp_2_deg_c_encode	16	static
../DBC/inverter.c:802:7:inverter_emcu_state_4_left_e_machine_temp_2_deg_c_decode	16	static
../DBC/inverter.c:807:6:inverter_emcu_state_4_left_e_machine_temp_2_deg_c_is_in_range	16	static
../DBC/inverter.c:814:5:inverter_emcu_state_3_left_pack	32	static
../DBC/inverter.c:845:5:inverter_emcu_state_3_left_unpack	32	static
../DBC/inverter.c:879:5:inverter_emcu_state_3_left_init	16	static
../DBC/inverter.c:888:9:inverter_emcu_state_3_left_current_d_a_encode	16	static
../DBC/inverter.c:893:7:inverter_emcu_state_3_left_current_d_a_decode	16	static
../DBC/inverter.c:898:6:inverter_emcu_state_3_left_current_d_a_is_in_range	16	static
../DBC/inverter.c:905:9:inverter_emcu_state_3_left_current_q_a_encode	16	static
../DBC/inverter.c:910:7:inverter_emcu_state_3_left_current_q_a_decode	16	static
../DBC/inverter.c:915:6:inverter_emcu_state_3_left_current_q_a_is_in_range	16	static
../DBC/inverter.c:922:10:inverter_emcu_state_3_left_volt_modulus_permil_encode	16	static
../DBC/inverter.c:927:7:inverter_emcu_state_3_left_volt_modulus_permil_decode	16	static
../DBC/inverter.c:932:6:inverter_emcu_state_3_left_volt_modulus_permil_is_in_range	16	static
../DBC/inverter.c:937:9:inverter_emcu_state_3_left_e_machine_speed_erpm_encode	16	static
../DBC/inverter.c:942:7:inverter_emcu_state_3_left_e_machine_speed_erpm_decode	16	static
../DBC/inverter.c:947:6:inverter_emcu_state_3_left_e_machine_speed_erpm_is_in_range	16	static
../DBC/inverter.c:952:5:inverter_emcu_state_2_left_pack	24	static
../DBC/inverter.c:972:5:inverter_emcu_state_2_left_unpack	24	static
../DBC/inverter.c:990:5:inverter_emcu_state_2_left_init	16	static
../DBC/inverter.c:999:10:inverter_emcu_state_2_left_pwr_stg_bit_state_encode	16	static
../DBC/inverter.c:1004:7:inverter_emcu_state_2_left_pwr_stg_bit_state_decode	16	static
../DBC/inverter.c:1009:6:inverter_emcu_state_2_left_pwr_stg_bit_state_is_in_range	16	static
../DBC/inverter.c:1014:9:inverter_emcu_state_2_left_em_ctrl_foc_bit_state_encode	16	static
../DBC/inverter.c:1019:7:inverter_emcu_state_2_left_em_ctrl_foc_bit_state_decode	16	static
../DBC/inverter.c:1024:6:inverter_emcu_state_2_left_em_ctrl_foc_bit_state_is_in_range	16	static
../DBC/inverter.c:1031:9:inverter_emcu_state_2_left_app_state_app_encode	16	static
../DBC/inverter.c:1036:7:inverter_emcu_state_2_left_app_state_app_decode	16	static
../DBC/inverter.c:1041:6:inverter_emcu_state_2_left_app_state_app_is_in_range	16	static
../DBC/inverter.c:1046:5:inverter_emcu_state_1_left_pack	24	static
../DBC/inverter.c:1066:5:inverter_emcu_state_1_left_unpack	24	static
../DBC/inverter.c:1084:5:inverter_emcu_state_1_left_init	16	static
../DBC/inverter.c:1093:10:inverter_emcu_state_1_left_uptime_ms_encode	16	static
../DBC/inverter.c:1098:7:inverter_emcu_state_1_left_uptime_ms_decode	16	static
../DBC/inverter.c:1103:6:inverter_emcu_state_1_left_uptime_ms_is_in_range	16	static
../DBC/inverter.c:1108:9:inverter_emcu_state_1_left_cpu_load_encode	16	static
../DBC/inverter.c:1113:7:inverter_emcu_state_1_left_cpu_load_decode	16	static
../DBC/inverter.c:1118:6:inverter_emcu_state_1_left_cpu_load_is_in_range	16	static
../DBC/inverter.c:1125:5:inverter_emcu_setpoint_6_left_pack	24	static
../DBC/inverter.c:1142:5:inverter_emcu_setpoint_6_left_unpack	24	static
../DBC/inverter.c:1157:5:inverter_emcu_setpoint_6_left_init	16	static
../DBC/inverter.c:1166:10:inverter_emcu_setpoint_6_left_pwm_freq_k_hz_encode	16	static
../DBC/inverter.c:1171:7:inverter_emcu_setpoint_6_left_pwm_freq_k_hz_decode	16	static
../DBC/inverter.c:1176:6:inverter_emcu_setpoint_6_left_pwm_freq_k_hz_is_in_range	16	static
../DBC/inverter.c:1183:5:inverter_emcu_setpoint_4_left_pack	32	static
../DBC/inverter.c:1205:5:inverter_emcu_setpoint_4_left_unpack	32	static
../DBC/inverter.c:1225:5:inverter_emcu_setpoint_4_left_init	16	static
../DBC/inverter.c:1234:9:inverter_emcu_setpoint_4_left_speed_erpm_encode	16	static
../DBC/inverter.c:1239:7:inverter_emcu_setpoint_4_left_speed_erpm_decode	16	static
../DBC/inverter.c:1244:6:inverter_emcu_setpoint_4_left_speed_erpm_is_in_range	16	static
../DBC/inverter.c:1249:5:inverter_emcu_setpoint_3_left_pack	32	static
../DBC/inverter.c:1272:5:inverter_emcu_setpoint_3_left_unpack	32	static
../DBC/inverter.c:1293:5:inverter_emcu_setpoint_3_left_init	16	static
../DBC/inverter.c:1302:9:inverter_emcu_setpoint_3_left_e2_e_p1_crc_encode	16	static
../DBC/inverter.c:1307:7:inverter_emcu_setpoint_3_left_e2_e_p1_crc_decode	16	static
../DBC/inverter.c:1312:6:inverter_emcu_setpoint_3_left_e2_e_p1_crc_is_in_range	16	static
../DBC/inverter.c:1319:9:inverter_emcu_setpoint_3_left_e2_e_p1_zero_encode	16	static
../DBC/inverter.c:1324:7:inverter_emcu_setpoint_3_left_e2_e_p1_zero_decode	16	static
../DBC/inverter.c:1329:6:inverter_emcu_setpoint_3_left_e2_e_p1_zero_is_in_range	16	static
../DBC/inverter.c:1334:9:inverter_emcu_setpoint_3_left_e2_e_p1_cnt_encode	16	static
../DBC/inverter.c:1339:7:inverter_emcu_setpoint_3_left_e2_e_p1_cnt_decode	16	static
../DBC/inverter.c:1344:6:inverter_emcu_setpoint_3_left_e2_e_p1_cnt_is_in_range	16	static
../DBC/inverter.c:1349:9:inverter_emcu_setpoint_3_left_torque_nm_req_encode	16	static
../DBC/inverter.c:1354:7:inverter_emcu_setpoint_3_left_torque_nm_req_decode	16	static
../DBC/inverter.c:1359:6:inverter_emcu_setpoint_3_left_torque_nm_req_is_in_range	16	static
../DBC/inverter.c:1366:5:inverter_emcu_setpoint_2_left_pack	32	static
../DBC/inverter.c:1390:5:inverter_emcu_setpoint_2_left_unpack	32	static
../DBC/inverter.c:1412:5:inverter_emcu_setpoint_2_left_init	16	static
../DBC/inverter.c:1421:9:inverter_emcu_setpoint_2_left_current_d_a_req_encode	16	static
../DBC/inverter.c:1426:7:inverter_emcu_setpoint_2_left_current_d_a_req_decode	16	static
../DBC/inverter.c:1431:6:inverter_emcu_setpoint_2_left_current_d_a_req_is_in_range	16	static
../DBC/inverter.c:1438:9:inverter_emcu_setpoint_2_left_current_q_a_req_encode	16	static
../DBC/inverter.c:1443:7:inverter_emcu_setpoint_2_left_current_q_a_req_decode	16	static
../DBC/inverter.c:1448:6:inverter_emcu_setpoint_2_left_current_q_a_req_is_in_range	16	static
../DBC/inverter.c:1455:5:inverter_emcu_setpoint_1_left_pack	24	static
../DBC/inverter.c:1474:5:inverter_emcu_setpoint_1_left_unpack	24	static
../DBC/inverter.c:1491:5:inverter_emcu_setpoint_1_left_init	16	static
../DBC/inverter.c:1500:9:inverter_emcu_setpoint_1_left_e2_e_p1_crc_encode	16	static
../DBC/inverter.c:1505:7:inverter_emcu_setpoint_1_left_e2_e_p1_crc_decode	16	static
../DBC/inverter.c:1510:6:inverter_emcu_setpoint_1_left_e2_e_p1_crc_is_in_range	16	static
../DBC/inverter.c:1517:9:inverter_emcu_setpoint_1_left_e2_e_p1_zero_encode	16	static
../DBC/inverter.c:1522:7:inverter_emcu_setpoint_1_left_e2_e_p1_zero_decode	16	static
../DBC/inverter.c:1527:6:inverter_emcu_setpoint_1_left_e2_e_p1_zero_is_in_range	16	static
../DBC/inverter.c:1532:9:inverter_emcu_setpoint_1_left_e2_e_p1_cnt_encode	16	static
../DBC/inverter.c:1537:7:inverter_emcu_setpoint_1_left_e2_e_p1_cnt_decode	16	static
../DBC/inverter.c:1542:6:inverter_emcu_setpoint_1_left_e2_e_p1_cnt_is_in_range	16	static
../DBC/inverter.c:1547:9:inverter_emcu_setpoint_1_left_app_state_req_encode	16	static
../DBC/inverter.c:1552:7:inverter_emcu_setpoint_1_left_app_state_req_decode	16	static
../DBC/inverter.c:1557:6:inverter_emcu_setpoint_1_left_app_state_req_is_in_range	16	static
../DBC/inverter.c:1564:5:inverter_emcu_debug_1_left_pack	24	static
../DBC/inverter.c:1581:5:inverter_emcu_debug_1_left_unpack	24	static
../DBC/inverter.c:1596:5:inverter_emcu_debug_1_left_init	16	static
../DBC/inverter.c:1605:10:inverter_emcu_debug_1_left_e_machine_angle_fract16_encode	16	static
../DBC/inverter.c:1610:7:inverter_emcu_debug_1_left_e_machine_angle_fract16_decode	16	static
../DBC/inverter.c:1615:6:inverter_emcu_debug_1_left_e_machine_angle_fract16_is_in_range	16	static
../DBC/inverter.c:1622:5:inverter_emcu_state_1_right_pack	24	static
../DBC/inverter.c:1642:5:inverter_emcu_state_1_right_unpack	24	static
../DBC/inverter.c:1660:5:inverter_emcu_state_1_right_init	16	static
../DBC/inverter.c:1669:10:inverter_emcu_state_1_right_uptime_ms_encode	16	static
../DBC/inverter.c:1674:7:inverter_emcu_state_1_right_uptime_ms_decode	16	static
../DBC/inverter.c:1679:6:inverter_emcu_state_1_right_uptime_ms_is_in_range	16	static
../DBC/inverter.c:1684:9:inverter_emcu_state_1_right_cpu_load_encode	16	static
../DBC/inverter.c:1689:7:inverter_emcu_state_1_right_cpu_load_decode	16	static
../DBC/inverter.c:1694:6:inverter_emcu_state_1_right_cpu_load_is_in_range	16	static
../DBC/inverter.c:1701:5:inverter_emcu_state_2_right_pack	24	static
../DBC/inverter.c:1721:5:inverter_emcu_state_2_right_unpack	24	static
../DBC/inverter.c:1739:5:inverter_emcu_state_2_right_init	16	static
../DBC/inverter.c:1748:10:inverter_emcu_state_2_right_pwr_stg_bit_state_encode	16	static
../DBC/inverter.c:1753:7:inverter_emcu_state_2_right_pwr_stg_bit_state_decode	16	static
../DBC/inverter.c:1758:6:inverter_emcu_state_2_right_pwr_stg_bit_state_is_in_range	16	static
../DBC/inverter.c:1763:9:inverter_emcu_state_2_right_em_ctrl_foc_bit_state_encode	16	static
../DBC/inverter.c:1768:7:inverter_emcu_state_2_right_em_ctrl_foc_bit_state_decode	16	static
../DBC/inverter.c:1773:6:inverter_emcu_state_2_right_em_ctrl_foc_bit_state_is_in_range	16	static
../DBC/inverter.c:1780:9:inverter_emcu_state_2_right_app_state_app_encode	16	static
../DBC/inverter.c:1785:7:inverter_emcu_state_2_right_app_state_app_decode	16	static
../DBC/inverter.c:1790:6:inverter_emcu_state_2_right_app_state_app_is_in_range	16	static
../DBC/inverter.c:1795:5:inverter_emcu_state_3_right_pack	32	static
../DBC/inverter.c:1826:5:inverter_emcu_state_3_right_unpack	32	static
../DBC/inverter.c:1860:5:inverter_emcu_state_3_right_init	16	static
../DBC/inverter.c:1869:9:inverter_emcu_state_3_right_current_d_a_encode	16	static
../DBC/inverter.c:1874:7:inverter_emcu_state_3_right_current_d_a_decode	16	static
../DBC/inverter.c:1879:6:inverter_emcu_state_3_right_current_d_a_is_in_range	16	static
../DBC/inverter.c:1886:9:inverter_emcu_state_3_right_current_q_a_encode	16	static
../DBC/inverter.c:1891:7:inverter_emcu_state_3_right_current_q_a_decode	16	static
../DBC/inverter.c:1896:6:inverter_emcu_state_3_right_current_q_a_is_in_range	16	static
../DBC/inverter.c:1903:10:inverter_emcu_state_3_right_volt_modulus_permil_encode	16	static
../DBC/inverter.c:1908:7:inverter_emcu_state_3_right_volt_modulus_permil_decode	16	static
../DBC/inverter.c:1913:6:inverter_emcu_state_3_right_volt_modulus_permil_is_in_range	16	static
../DBC/inverter.c:1918:9:inverter_emcu_state_3_right_e_machine_speed_erpm_encode	16	static
../DBC/inverter.c:1923:7:inverter_emcu_state_3_right_e_machine_speed_erpm_decode	16	static
../DBC/inverter.c:1928:6:inverter_emcu_state_3_right_e_machine_speed_erpm_is_in_range	16	static
../DBC/inverter.c:1933:5:inverter_emcu_state_4_right_pack	32	static
../DBC/inverter.c:1964:5:inverter_emcu_state_4_right_unpack	32	static
../DBC/inverter.c:1993:5:inverter_emcu_state_4_right_init	16	static
../DBC/inverter.c:2002:8:inverter_emcu_state_4_right_board_1_temp_deg_c_encode	16	static
../DBC/inverter.c:2007:7:inverter_emcu_state_4_right_board_1_temp_deg_c_decode	16	static
../DBC/inverter.c:2012:6:inverter_emcu_state_4_right_board_1_temp_deg_c_is_in_range	16	static
../DBC/inverter.c:2019:8:inverter_emcu_state_4_right_board_2_temp_deg_c_encode	16	static
../DBC/inverter.c:2024:7:inverter_emcu_state_4_right_board_2_temp_deg_c_decode	16	static
../DBC/inverter.c:2029:6:inverter_emcu_state_4_right_board_2_temp_deg_c_is_in_range	16	static
../DBC/inverter.c:2036:8:inverter_emcu_state_4_right_pwr_stg_temp_deg_c_encode	16	static
../DBC/inverter.c:2041:7:inverter_emcu_state_4_right_pwr_stg_temp_deg_c_decode	16	static
../DBC/inverter.c:2046:6:inverter_emcu_state_4_right_pwr_stg_temp_deg_c_is_in_range	16	static
../DBC/inverter.c:2053:8:inverter_emcu_state_4_right_e_machine_temp_1_deg_c_encode	16	static
../DBC/inverter.c:2058:7:inverter_emcu_state_4_right_e_machine_temp_1_deg_c_decode	16	static
../DBC/inverter.c:2063:6:inverter_emcu_state_4_right_e_machine_temp_1_deg_c_is_in_range	16	static
../DBC/inverter.c:2070:8:inverter_emcu_state_4_right_e_machine_temp_2_deg_c_encode	16	static
../DBC/inverter.c:2075:7:inverter_emcu_state_4_right_e_machine_temp_2_deg_c_decode	16	static
../DBC/inverter.c:2080:6:inverter_emcu_state_4_right_e_machine_temp_2_deg_c_is_in_range	16	static
../DBC/inverter.c:2087:5:inverter_emcu_state_5_right_pack	24	static
../DBC/inverter.c:2106:5:inverter_emcu_state_5_right_unpack	24	static
../DBC/inverter.c:2123:5:inverter_emcu_state_5_right_init	16	static
../DBC/inverter.c:2132:9:inverter_emcu_state_5_right_cmd_src_app_encode	16	static
../DBC/inverter.c:2137:7:inverter_emcu_state_5_right_cmd_src_app_decode	16	static
../DBC/inverter.c:2142:6:inverter_emcu_state_5_right_cmd_src_app_is_in_range	16	static
../DBC/inverter.c:2147:9:inverter_emcu_state_5_right_ctrl_type_app_encode	16	static
../DBC/inverter.c:2152:7:inverter_emcu_state_5_right_ctrl_type_app_decode	16	static
../DBC/inverter.c:2157:6:inverter_emcu_state_5_right_ctrl_type_app_is_in_range	16	static
../DBC/inverter.c:2162:9:inverter_emcu_state_5_right_ctrl_mode_app_encode	16	static
../DBC/inverter.c:2167:7:inverter_emcu_state_5_right_ctrl_mode_app_decode	16	static
../DBC/inverter.c:2172:6:inverter_emcu_state_5_right_ctrl_mode_app_is_in_range	16	static
../DBC/inverter.c:2177:9:inverter_emcu_state_5_right_pos_fb_src_app_encode	16	static
../DBC/inverter.c:2182:7:inverter_emcu_state_5_right_pos_fb_src_app_decode	16	static
../DBC/inverter.c:2187:6:inverter_emcu_state_5_right_pos_fb_src_app_is_in_range	16	static
../DBC/inverter.c:2192:5:inverter_emcu_state_6_right_pack	32	static
../DBC/inverter.c:2223:5:inverter_emcu_state_6_right_unpack	32	static
../DBC/inverter.c:2252:5:inverter_emcu_state_6_right_init	16	static
../DBC/inverter.c:2261:10:inverter_emcu_state_6_right_dc_bus_voltage_v_encode	16	static
../DBC/inverter.c:2266:7:inverter_emcu_state_6_right_dc_bus_voltage_v_decode	16	static
../DBC/inverter.c:2271:6:inverter_emcu_state_6_right_dc_bus_voltage_v_is_in_range	16	static
../DBC/inverter.c:2276:9:inverter_emcu_state_6_right_ac_bus_power_w_encode	16	static
../DBC/inverter.c:2281:7:inverter_emcu_state_6_right_ac_bus_power_w_decode	16	static
../DBC/inverter.c:2286:6:inverter_emcu_state_6_right_ac_bus_power_w_is_in_range	16	static
../DBC/inverter.c:2293:9:inverter_emcu_state_6_right_dc_bus_power_w_encode	16	static
../DBC/inverter.c:2298:7:inverter_emcu_state_6_right_dc_bus_power_w_decode	16	static
../DBC/inverter.c:2303:6:inverter_emcu_state_6_right_dc_bus_power_w_is_in_range	16	static
../DBC/inverter.c:2310:9:inverter_emcu_state_6_right_ac_bus_voltage_v_encode	16	static
../DBC/inverter.c:2315:7:inverter_emcu_state_6_right_ac_bus_voltage_v_decode	16	static
../DBC/inverter.c:2320:6:inverter_emcu_state_6_right_ac_bus_voltage_v_is_in_range	16	static
../DBC/inverter.c:2327:5:inverter_emcu_state_7_right_pack	24	static
../DBC/inverter.c:2344:5:inverter_emcu_state_7_right_unpack	24	static
../DBC/inverter.c:2359:5:inverter_emcu_state_7_right_init	16	static
../DBC/inverter.c:2368:10:inverter_emcu_state_7_right_dem_encode	16	static
../DBC/inverter.c:2373:7:inverter_emcu_state_7_right_dem_decode	16	static
../DBC/inverter.c:2378:6:inverter_emcu_state_7_right_dem_is_in_range	16	static
../DBC/inverter.c:2385:5:inverter_emcu_state_8_right_pack	32	static
../DBC/inverter.c:2413:5:inverter_emcu_state_8_right_unpack	32	static
../DBC/inverter.c:2439:5:inverter_emcu_state_8_right_init	16	static
../DBC/inverter.c:2448:9:inverter_emcu_state_8_right_torque_max_feas_ndm_encode	16	static
../DBC/inverter.c:2453:7:inverter_emcu_state_8_right_torque_max_feas_ndm_decode	16	static
../DBC/inverter.c:2458:6:inverter_emcu_state_8_right_torque_max_feas_ndm_is_in_range	16	static
../DBC/inverter.c:2465:9:inverter_emcu_state_8_right_setpoint_app_d_a_encode	16	static
../DBC/inverter.c:2470:7:inverter_emcu_state_8_right_setpoint_app_d_a_decode	16	static
../DBC/inverter.c:2475:6:inverter_emcu_state_8_right_setpoint_app_d_a_is_in_range	16	static
../DBC/inverter.c:2482:9:inverter_emcu_state_8_right_setpoint_app_q_a_encode	16	static
../DBC/inverter.c:2487:7:inverter_emcu_state_8_right_setpoint_app_q_a_decode	16	static
../DBC/inverter.c:2492:6:inverter_emcu_state_8_right_setpoint_app_q_a_is_in_range	16	static
../DBC/inverter.c:2499:5:inverter_emcu_state_9_right_pack	32	static
../DBC/inverter.c:2522:5:inverter_emcu_state_9_right_unpack	32	static
../DBC/inverter.c:2543:5:inverter_emcu_state_9_right_init	16	static
../DBC/inverter.c:2552:9:inverter_emcu_state_9_right_e2_e_p1_crc_encode	16	static
../DBC/inverter.c:2557:7:inverter_emcu_state_9_right_e2_e_p1_crc_decode	16	static
../DBC/inverter.c:2562:6:inverter_emcu_state_9_right_e2_e_p1_crc_is_in_range	16	static
../DBC/inverter.c:2569:9:inverter_emcu_state_9_right_e2_e_p1_zero_encode	16	static
../DBC/inverter.c:2574:7:inverter_emcu_state_9_right_e2_e_p1_zero_decode	16	static
../DBC/inverter.c:2579:6:inverter_emcu_state_9_right_e2_e_p1_zero_is_in_range	16	static
../DBC/inverter.c:2584:9:inverter_emcu_state_9_right_e2_e_p1_cnt_encode	16	static
../DBC/inverter.c:2589:7:inverter_emcu_state_9_right_e2_e_p1_cnt_decode	16	static
../DBC/inverter.c:2594:6:inverter_emcu_state_9_right_e2_e_p1_cnt_is_in_range	16	static
../DBC/inverter.c:2599:9:inverter_emcu_state_9_right_torque_est_nm_encode	16	static
../DBC/inverter.c:2604:7:inverter_emcu_state_9_right_torque_est_nm_decode	16	static
../DBC/inverter.c:2609:6:inverter_emcu_state_9_right_torque_est_nm_is_in_range	16	static
../DBC/inverter.c:2616:5:inverter_emcu_setpoint_1_right_pack	24	static
../DBC/inverter.c:2635:5:inverter_emcu_setpoint_1_right_unpack	24	static
../DBC/inverter.c:2652:5:inverter_emcu_setpoint_1_right_init	16	static
../DBC/inverter.c:2661:9:inverter_emcu_setpoint_1_right_e2_e_p1_crc_encode	16	static
../DBC/inverter.c:2666:7:inverter_emcu_setpoint_1_right_e2_e_p1_crc_decode	16	static
../DBC/inverter.c:2671:6:inverter_emcu_setpoint_1_right_e2_e_p1_crc_is_in_range	16	static
../DBC/inverter.c:2678:9:inverter_emcu_setpoint_1_right_e2_e_p1_zero_encode	16	static
../DBC/inverter.c:2683:7:inverter_emcu_setpoint_1_right_e2_e_p1_zero_decode	16	static
../DBC/inverter.c:2688:6:inverter_emcu_setpoint_1_right_e2_e_p1_zero_is_in_range	16	static
../DBC/inverter.c:2693:9:inverter_emcu_setpoint_1_right_e2_e_p1_cnt_encode	16	static
../DBC/inverter.c:2698:7:inverter_emcu_setpoint_1_right_e2_e_p1_cnt_decode	16	static
../DBC/inverter.c:2703:6:inverter_emcu_setpoint_1_right_e2_e_p1_cnt_is_in_range	16	static
../DBC/inverter.c:2708:9:inverter_emcu_setpoint_1_right_app_state_req_encode	16	static
../DBC/inverter.c:2713:7:inverter_emcu_setpoint_1_right_app_state_req_decode	16	static
../DBC/inverter.c:2718:6:inverter_emcu_setpoint_1_right_app_state_req_is_in_range	16	static
../DBC/inverter.c:2725:5:inverter_emcu_setpoint_2_right_pack	32	static
../DBC/inverter.c:2749:5:inverter_emcu_setpoint_2_right_unpack	32	static
../DBC/inverter.c:2771:5:inverter_emcu_setpoint_2_right_init	16	static
../DBC/inverter.c:2780:9:inverter_emcu_setpoint_2_right_current_d_a_req_encode	16	static
../DBC/inverter.c:2785:7:inverter_emcu_setpoint_2_right_current_d_a_req_decode	16	static
../DBC/inverter.c:2790:6:inverter_emcu_setpoint_2_right_current_d_a_req_is_in_range	16	static
../DBC/inverter.c:2797:9:inverter_emcu_setpoint_2_right_current_q_a_req_encode	16	static
../DBC/inverter.c:2802:7:inverter_emcu_setpoint_2_right_current_q_a_req_decode	16	static
../DBC/inverter.c:2807:6:inverter_emcu_setpoint_2_right_current_q_a_req_is_in_range	16	static
../DBC/inverter.c:2814:5:inverter_emcu_setpoint_3_right_pack	32	static
../DBC/inverter.c:2837:5:inverter_emcu_setpoint_3_right_unpack	32	static
../DBC/inverter.c:2858:5:inverter_emcu_setpoint_3_right_init	16	static
../DBC/inverter.c:2867:9:inverter_emcu_setpoint_3_right_e2_e_p1_crc_encode	16	static
../DBC/inverter.c:2872:7:inverter_emcu_setpoint_3_right_e2_e_p1_crc_decode	16	static
../DBC/inverter.c:2877:6:inverter_emcu_setpoint_3_right_e2_e_p1_crc_is_in_range	16	static
../DBC/inverter.c:2884:9:inverter_emcu_setpoint_3_right_e2_e_p1_zero_encode	16	static
../DBC/inverter.c:2889:7:inverter_emcu_setpoint_3_right_e2_e_p1_zero_decode	16	static
../DBC/inverter.c:2894:6:inverter_emcu_setpoint_3_right_e2_e_p1_zero_is_in_range	16	static
../DBC/inverter.c:2899:9:inverter_emcu_setpoint_3_right_e2_e_p1_cnt_encode	16	static
../DBC/inverter.c:2904:7:inverter_emcu_setpoint_3_right_e2_e_p1_cnt_decode	16	static
../DBC/inverter.c:2909:6:inverter_emcu_setpoint_3_right_e2_e_p1_cnt_is_in_range	16	static
../DBC/inverter.c:2914:9:inverter_emcu_setpoint_3_right_torque_nm_req_encode	16	static
../DBC/inverter.c:2919:7:inverter_emcu_setpoint_3_right_torque_nm_req_decode	16	static
../DBC/inverter.c:2924:6:inverter_emcu_setpoint_3_right_torque_nm_req_is_in_range	16	static
../DBC/inverter.c:2931:5:inverter_emcu_setpoint_4_right_pack	32	static
../DBC/inverter.c:2953:5:inverter_emcu_setpoint_4_right_unpack	32	static
../DBC/inverter.c:2973:5:inverter_emcu_setpoint_4_right_init	16	static
../DBC/inverter.c:2982:9:inverter_emcu_setpoint_4_right_speed_erpm_encode	16	static
../DBC/inverter.c:2987:7:inverter_emcu_setpoint_4_right_speed_erpm_decode	16	static
../DBC/inverter.c:2992:6:inverter_emcu_setpoint_4_right_speed_erpm_is_in_range	16	static
../DBC/inverter.c:2997:5:inverter_emcu_setpoint_6_right_pack	24	static
../DBC/inverter.c:3014:5:inverter_emcu_setpoint_6_right_unpack	24	static
../DBC/inverter.c:3029:5:inverter_emcu_setpoint_6_right_init	16	static
../DBC/inverter.c:3038:10:inverter_emcu_setpoint_6_right_pwm_freq_k_hz_encode	16	static
../DBC/inverter.c:3043:7:inverter_emcu_setpoint_6_right_pwm_freq_k_hz_decode	16	static
../DBC/inverter.c:3048:6:inverter_emcu_setpoint_6_right_pwm_freq_k_hz_is_in_range	16	static
../DBC/inverter.c:3055:5:inverter_emcu_debug_1_right_pack	24	static
../DBC/inverter.c:3072:5:inverter_emcu_debug_1_right_unpack	24	static
../DBC/inverter.c:3087:5:inverter_emcu_debug_1_right_init	16	static
../DBC/inverter.c:3096:10:inverter_emcu_debug_1_right_e_machine_angle_fract16_encode	16	static
../DBC/inverter.c:3101:7:inverter_emcu_debug_1_right_e_machine_angle_fract16_decode	16	static
../DBC/inverter.c:3106:6:inverter_emcu_debug_1_right_e_machine_angle_fract16_is_in_range	16	static
