../DBC/te_r23.c:35:23:pack_left_shift_u8	16	static
../DBC/te_r23.c:43:23:pack_left_shift_u16	16	static
../DBC/te_r23.c:51:23:pack_left_shift_u32	16	static
../DBC/te_r23.c:59:23:pack_right_shift_u16	16	static
../DBC/te_r23.c:67:23:pack_right_shift_u32	16	static
../DBC/te_r23.c:75:24:unpack_left_shift_u16	16	static
../DBC/te_r23.c:83:24:unpack_left_shift_u32	16	static
../DBC/te_r23.c:91:23:unpack_right_shift_u8	16	static
../DBC/te_r23.c:99:24:unpack_right_shift_u16	16	static
../DBC/te_r23.c:107:24:unpack_right_shift_u32	16	static
../DBC/te_r23.c:115:5:te_r23_power_accu_pack	24	static
../DBC/te_r23.c:133:5:te_r23_power_accu_unpack	24	static
../DBC/te_r23.c:149:5:te_r23_power_accu_init	16	static
../DBC/te_r23.c:158:10:te_r23_power_accu_power_encode	16	static
../DBC/te_r23.c:163:7:te_r23_power_accu_power_decode	16	static
../DBC/te_r23.c:168:6:te_r23_power_accu_power_is_in_range	16	static
../DBC/te_r23.c:173:5:te_r23_sensors_front_pack	24	static
../DBC/te_r23.c:196:5:te_r23_sensors_front_unpack	24	static
../DBC/te_r23.c:217:5:te_r23_sensors_front_init	16	static
../DBC/te_r23.c:226:10:te_r23_sensors_front_sens_f_accel1_adc_encode	16	static
../DBC/te_r23.c:231:7:te_r23_sensors_front_sens_f_accel1_adc_decode	16	static
../DBC/te_r23.c:236:6:te_r23_sensors_front_sens_f_accel1_adc_is_in_range	16	static
../DBC/te_r23.c:243:10:te_r23_sensors_front_sens_f_accel2_adc_encode	16	static
../DBC/te_r23.c:248:7:te_r23_sensors_front_sens_f_accel2_adc_decode	16	static
../DBC/te_r23.c:253:6:te_r23_sensors_front_sens_f_accel2_adc_is_in_range	16	static
../DBC/te_r23.c:260:9:te_r23_sensors_front_sens_f_accels_mean_encode	16	static
../DBC/te_r23.c:265:7:te_r23_sensors_front_sens_f_accels_mean_decode	16	static
../DBC/te_r23.c:270:6:te_r23_sensors_front_sens_f_accels_mean_is_in_range	16	static
../DBC/te_r23.c:277:9:te_r23_sensors_front_lv_dash_bl_status_encode	16	static
../DBC/te_r23.c:282:7:te_r23_sensors_front_lv_dash_bl_status_decode	16	static
../DBC/te_r23.c:287:6:te_r23_sensors_front_lv_dash_bl_status_is_in_range	16	static
../DBC/te_r23.c:294:10:te_r23_sensors_front_lv_dash_brake_adc_encode	16	static
../DBC/te_r23.c:299:7:te_r23_sensors_front_lv_dash_brake_adc_decode	16	static
../DBC/te_r23.c:304:6:te_r23_sensors_front_lv_dash_brake_adc_is_in_range	16	static
../DBC/te_r23.c:311:5:te_r23_sensors_rear_pack	24	static
../DBC/te_r23.c:361:5:te_r23_sensors_rear_unpack	24	static
../DBC/te_r23.c:409:5:te_r23_sensors_rear_init	16	static
../DBC/te_r23.c:418:9:te_r23_sensors_rear_sens_r_multiplexor_encode	16	static
../DBC/te_r23.c:423:7:te_r23_sensors_rear_sens_r_multiplexor_decode	16	static
../DBC/te_r23.c:428:6:te_r23_sensors_rear_sens_r_multiplexor_is_in_range	16	static
../DBC/te_r23.c:435:10:te_r23_sensors_rear_sens_r_w_speed_r_adc_encode	16	static
../DBC/te_r23.c:440:7:te_r23_sensors_rear_sens_r_w_speed_r_adc_decode	16	static
../DBC/te_r23.c:445:6:te_r23_sensors_rear_sens_r_w_speed_r_adc_is_in_range	16	static
../DBC/te_r23.c:452:10:te_r23_sensors_rear_sens_r_suspen_r_encode	16	static
../DBC/te_r23.c:457:7:te_r23_sensors_rear_sens_r_suspen_r_decode	16	static
../DBC/te_r23.c:462:6:te_r23_sensors_rear_sens_r_suspen_r_is_in_range	16	static
../DBC/te_r23.c:469:10:te_r23_sensors_rear_sens_r_refri_temp3_encode	16	static
../DBC/te_r23.c:474:7:te_r23_sensors_rear_sens_r_refri_temp3_decode	16	static
../DBC/te_r23.c:479:6:te_r23_sensors_rear_sens_r_refri_temp3_is_in_range	16	static
../DBC/te_r23.c:486:10:te_r23_sensors_rear_sens_r_refri_temp1_encode	16	static
../DBC/te_r23.c:491:7:te_r23_sensors_rear_sens_r_refri_temp1_decode	16	static
../DBC/te_r23.c:496:6:te_r23_sensors_rear_sens_r_refri_temp1_is_in_range	16	static
../DBC/te_r23.c:503:10:te_r23_sensors_rear_sens_r_w_speed_l_adc_encode	16	static
../DBC/te_r23.c:508:7:te_r23_sensors_rear_sens_r_w_speed_l_adc_decode	16	static
../DBC/te_r23.c:513:6:te_r23_sensors_rear_sens_r_w_speed_l_adc_is_in_range	16	static
../DBC/te_r23.c:520:10:te_r23_sensors_rear_sens_r_suspen_l_encode	16	static
../DBC/te_r23.c:525:7:te_r23_sensors_rear_sens_r_suspen_l_decode	16	static
../DBC/te_r23.c:530:6:te_r23_sensors_rear_sens_r_suspen_l_is_in_range	16	static
../DBC/te_r23.c:537:10:te_r23_sensors_rear_sens_r_refri_temp4_encode	16	static
../DBC/te_r23.c:542:7:te_r23_sensors_rear_sens_r_refri_temp4_decode	16	static
../DBC/te_r23.c:547:6:te_r23_sensors_rear_sens_r_refri_temp4_is_in_range	16	static
../DBC/te_r23.c:554:10:te_r23_sensors_rear_sens_r_refri_temp2_encode	16	static
../DBC/te_r23.c:559:7:te_r23_sensors_rear_sens_r_refri_temp2_decode	16	static
../DBC/te_r23.c:564:6:te_r23_sensors_rear_sens_r_refri_temp2_is_in_range	16	static
../DBC/te_r23.c:571:5:te_r23_lv_rear_dash_pack	24	static
../DBC/te_r23.c:592:5:te_r23_lv_rear_dash_unpack	24	static
../DBC/te_r23.c:611:5:te_r23_lv_rear_dash_init	16	static
../DBC/te_r23.c:620:9:te_r23_lv_rear_dash_lv_rear_car_status_encode	16	static
../DBC/te_r23.c:625:7:te_r23_lv_rear_dash_lv_rear_car_status_decode	16	static
../DBC/te_r23.c:630:6:te_r23_lv_rear_dash_lv_rear_car_status_is_in_range	16	static
../DBC/te_r23.c:637:9:te_r23_lv_rear_dash_lv_rear_dash_tsms_encode	16	static
../DBC/te_r23.c:642:7:te_r23_lv_rear_dash_lv_rear_dash_tsms_decode	16	static
../DBC/te_r23.c:647:6:te_r23_lv_rear_dash_lv_rear_dash_tsms_is_in_range	16	static
../DBC/te_r23.c:654:9:te_r23_lv_rear_dash_lv_rear_dash_bspd_encode	16	static
../DBC/te_r23.c:659:7:te_r23_lv_rear_dash_lv_rear_dash_bspd_decode	16	static
../DBC/te_r23.c:664:6:te_r23_lv_rear_dash_lv_rear_dash_bspd_is_in_range	16	static
../DBC/te_r23.c:671:9:te_r23_lv_rear_dash_lv_rear_dash_ams_encode	16	static
../DBC/te_r23.c:676:7:te_r23_lv_rear_dash_lv_rear_dash_ams_decode	16	static
../DBC/te_r23.c:681:6:te_r23_lv_rear_dash_lv_rear_dash_ams_is_in_range	16	static
../DBC/te_r23.c:688:9:te_r23_lv_rear_dash_lv_rear_dash_imd_encode	16	static
../DBC/te_r23.c:693:7:te_r23_lv_rear_dash_lv_rear_dash_imd_decode	16	static
../DBC/te_r23.c:698:6:te_r23_lv_rear_dash_lv_rear_dash_imd_is_in_range	16	static
../DBC/te_r23.c:705:9:te_r23_lv_rear_dash_bspd_imp_encode	16	static
../DBC/te_r23.c:710:7:te_r23_lv_rear_dash_bspd_imp_decode	16	static
../DBC/te_r23.c:715:6:te_r23_lv_rear_dash_bspd_imp_is_in_range	16	static
../DBC/te_r23.c:722:5:te_r23_lv_dash_pack	24	static
../DBC/te_r23.c:739:5:te_r23_lv_dash_unpack	24	static
../DBC/te_r23.c:754:5:te_r23_lv_dash_init	16	static
../DBC/te_r23.c:763:9:te_r23_lv_dash_button_encode	16	static
../DBC/te_r23.c:768:7:te_r23_lv_dash_button_decode	16	static
../DBC/te_r23.c:773:6:te_r23_lv_dash_button_is_in_range	16	static
../DBC/te_r23.c:780:9:te_r23_lv_dash_lv_dash_conduction_mode_encode	16	static
../DBC/te_r23.c:785:7:te_r23_lv_dash_lv_dash_conduction_mode_decode	16	static
../DBC/te_r23.c:790:6:te_r23_lv_dash_lv_dash_conduction_mode_is_in_range	16	static
../DBC/te_r23.c:797:5:te_r23_lv_bms_pack	24	static
../DBC/te_r23.c:863:5:te_r23_lv_bms_unpack	24	static
../DBC/te_r23.c:927:5:te_r23_lv_bms_init	16	static
../DBC/te_r23.c:936:9:te_r23_lv_bms_lv_bms_multiplexor_encode	16	static
../DBC/te_r23.c:941:7:te_r23_lv_bms_lv_bms_multiplexor_decode	16	static
../DBC/te_r23.c:946:6:te_r23_lv_bms_lv_bms_multiplexor_is_in_range	16	static
../DBC/te_r23.c:953:10:te_r23_lv_bms_lv_bms_temp_1_encode	16	static
../DBC/te_r23.c:958:7:te_r23_lv_bms_lv_bms_temp_1_decode	16	static
../DBC/te_r23.c:963:6:te_r23_lv_bms_lv_bms_temp_1_is_in_range	16	static
../DBC/te_r23.c:968:9:te_r23_lv_bms_lv_bms_status_encode	16	static
../DBC/te_r23.c:973:7:te_r23_lv_bms_lv_bms_status_decode	16	static
../DBC/te_r23.c:978:6:te_r23_lv_bms_lv_bms_status_is_in_range	16	static
../DBC/te_r23.c:985:10:te_r23_lv_bms_lv_bms_current_encode	16	static
../DBC/te_r23.c:990:7:te_r23_lv_bms_lv_bms_current_decode	16	static
../DBC/te_r23.c:995:6:te_r23_lv_bms_lv_bms_current_is_in_range	16	static
../DBC/te_r23.c:1000:10:te_r23_lv_bms_lv_bms_cell_v_4_encode	16	static
../DBC/te_r23.c:1005:7:te_r23_lv_bms_lv_bms_cell_v_4_decode	16	static
../DBC/te_r23.c:1010:6:te_r23_lv_bms_lv_bms_cell_v_4_is_in_range	16	static
../DBC/te_r23.c:1015:10:te_r23_lv_bms_lv_bms_cell_v_1_encode	16	static
../DBC/te_r23.c:1020:7:te_r23_lv_bms_lv_bms_cell_v_1_decode	16	static
../DBC/te_r23.c:1025:6:te_r23_lv_bms_lv_bms_cell_v_1_is_in_range	16	static
../DBC/te_r23.c:1030:10:te_r23_lv_bms_lv_bms_min_encode	16	static
../DBC/te_r23.c:1035:7:te_r23_lv_bms_lv_bms_min_decode	16	static
../DBC/te_r23.c:1040:6:te_r23_lv_bms_lv_bms_min_is_in_range	16	static
../DBC/te_r23.c:1045:10:te_r23_lv_bms_lv_bms_vtot_encode	16	static
../DBC/te_r23.c:1050:7:te_r23_lv_bms_lv_bms_vtot_decode	16	static
../DBC/te_r23.c:1055:6:te_r23_lv_bms_lv_bms_vtot_is_in_range	16	static
../DBC/te_r23.c:1062:10:te_r23_lv_bms_lv_bms_temp_2_encode	16	static
../DBC/te_r23.c:1067:7:te_r23_lv_bms_lv_bms_temp_2_decode	16	static
../DBC/te_r23.c:1072:6:te_r23_lv_bms_lv_bms_temp_2_is_in_range	16	static
../DBC/te_r23.c:1077:10:te_r23_lv_bms_lv_bms_cell_v_5_encode	16	static
../DBC/te_r23.c:1082:7:te_r23_lv_bms_lv_bms_cell_v_5_decode	16	static
../DBC/te_r23.c:1087:6:te_r23_lv_bms_lv_bms_cell_v_5_is_in_range	16	static
../DBC/te_r23.c:1092:10:te_r23_lv_bms_lv_bms_cell_v_2_encode	16	static
../DBC/te_r23.c:1097:7:te_r23_lv_bms_lv_bms_cell_v_2_decode	16	static
../DBC/te_r23.c:1102:6:te_r23_lv_bms_lv_bms_cell_v_2_is_in_range	16	static
../DBC/te_r23.c:1107:10:te_r23_lv_bms_lv_bms_mean_encode	16	static
../DBC/te_r23.c:1112:7:te_r23_lv_bms_lv_bms_mean_decode	16	static
../DBC/te_r23.c:1117:6:te_r23_lv_bms_lv_bms_mean_is_in_range	16	static
../DBC/te_r23.c:1122:10:te_r23_lv_bms_lv_bms_temp_3_encode	16	static
../DBC/te_r23.c:1127:7:te_r23_lv_bms_lv_bms_temp_3_decode	16	static
../DBC/te_r23.c:1132:6:te_r23_lv_bms_lv_bms_temp_3_is_in_range	16	static
../DBC/te_r23.c:1137:10:te_r23_lv_bms_lv_bms_cell_v_6_encode	16	static
../DBC/te_r23.c:1142:7:te_r23_lv_bms_lv_bms_cell_v_6_decode	16	static
../DBC/te_r23.c:1147:6:te_r23_lv_bms_lv_bms_cell_v_6_is_in_range	16	static
../DBC/te_r23.c:1152:10:te_r23_lv_bms_lv_bms_cell_v_3_encode	16	static
../DBC/te_r23.c:1157:7:te_r23_lv_bms_lv_bms_cell_v_3_decode	16	static
../DBC/te_r23.c:1162:6:te_r23_lv_bms_lv_bms_cell_v_3_is_in_range	16	static
../DBC/te_r23.c:1169:10:te_r23_lv_bms_lv_bms_max_encode	16	static
../DBC/te_r23.c:1174:7:te_r23_lv_bms_lv_bms_max_decode	16	static
../DBC/te_r23.c:1179:6:te_r23_lv_bms_lv_bms_max_is_in_range	16	static
../DBC/te_r23.c:1184:5:te_r23_implausibility_pack	24	static
../DBC/te_r23.c:1200:5:te_r23_implausibility_unpack	24	static
../DBC/te_r23.c:1214:5:te_r23_implausibility_init	16	static
../DBC/te_r23.c:1223:9:te_r23_implausibility_apps_imp_encode	16	static
../DBC/te_r23.c:1228:7:te_r23_implausibility_apps_imp_decode	16	static
../DBC/te_r23.c:1233:6:te_r23_implausibility_apps_imp_is_in_range	16	static
../DBC/te_r23.c:1238:5:te_r23_hv_acc_sl_pack	24	static
../DBC/te_r23.c:1257:5:te_r23_hv_acc_sl_unpack	24	static
../DBC/te_r23.c:1274:5:te_r23_hv_acc_sl_init	16	static
../DBC/te_r23.c:1283:9:te_r23_hv_acc_sl_hv_acc_sl_bms_encode	16	static
../DBC/te_r23.c:1288:7:te_r23_hv_acc_sl_hv_acc_sl_bms_decode	16	static
../DBC/te_r23.c:1293:6:te_r23_hv_acc_sl_hv_acc_sl_bms_is_in_range	16	static
../DBC/te_r23.c:1300:9:te_r23_hv_acc_sl_hv_acc_sl_imd_encode	16	static
../DBC/te_r23.c:1305:7:te_r23_hv_acc_sl_hv_acc_sl_imd_decode	16	static
../DBC/te_r23.c:1310:6:te_r23_hv_acc_sl_hv_acc_sl_imd_is_in_range	16	static
../DBC/te_r23.c:1315:9:te_r23_hv_acc_sl_hv_acc_sl_tsms_encode	16	static
../DBC/te_r23.c:1320:7:te_r23_hv_acc_sl_hv_acc_sl_tsms_decode	16	static
../DBC/te_r23.c:1325:6:te_r23_hv_acc_sl_hv_acc_sl_tsms_is_in_range	16	static
../DBC/te_r23.c:1330:9:te_r23_hv_acc_sl_hv_acc_sl_status_encode	16	static
../DBC/te_r23.c:1335:7:te_r23_hv_acc_sl_hv_acc_sl_status_decode	16	static
../DBC/te_r23.c:1340:6:te_r23_hv_acc_sl_hv_acc_sl_status_is_in_range	16	static
