../DBC/ter.c:35:23:pack_left_shift_u8	16	static
../DBC/ter.c:43:23:pack_left_shift_u16	16	static
../DBC/ter.c:51:23:pack_left_shift_u32	16	static
../DBC/ter.c:59:23:pack_left_shift_u64	32	static
../DBC/ter.c:67:23:pack_right_shift_u16	16	static
../DBC/ter.c:75:23:pack_right_shift_u32	16	static
../DBC/ter.c:83:23:pack_right_shift_u64	32	static
../DBC/ter.c:91:24:unpack_left_shift_u16	16	static
../DBC/ter.c:99:24:unpack_left_shift_u32	16	static
../DBC/ter.c:107:24:unpack_left_shift_u64	32	static
../DBC/ter.c:115:23:unpack_right_shift_u8	16	static
../DBC/ter.c:123:24:unpack_right_shift_u16	16	static
../DBC/ter.c:131:24:unpack_right_shift_u32	16	static
../DBC/ter.c:139:24:unpack_right_shift_u64	32	static
../DBC/ter.c:147:5:ter_apps_pack	24	static
../DBC/ter.c:166:5:ter_apps_unpack	24	static
../DBC/ter.c:183:5:ter_apps_init	16	static
../DBC/ter.c:192:9:ter_apps_apps_1_encode	16	static
../DBC/ter.c:197:7:ter_apps_apps_1_decode	16	static
../DBC/ter.c:202:6:ter_apps_apps_1_is_in_range	16	static
../DBC/ter.c:209:9:ter_apps_apps_2_encode	16	static
../DBC/ter.c:214:7:ter_apps_apps_2_decode	16	static
../DBC/ter.c:219:6:ter_apps_apps_2_is_in_range	16	static
../DBC/ter.c:226:9:ter_apps_apps_av_encode	16	static
../DBC/ter.c:231:7:ter_apps_apps_av_decode	16	static
../DBC/ter.c:236:6:ter_apps_apps_av_is_in_range	16	static
../DBC/ter.c:243:9:ter_apps_imp_flag_encode	16	static
../DBC/ter.c:248:7:ter_apps_imp_flag_decode	16	static
../DBC/ter.c:253:6:ter_apps_imp_flag_is_in_range	16	static
../DBC/ter.c:260:5:ter_cmd_pack	24	static
../DBC/ter.c:283:5:ter_cmd_unpack	72	static
../DBC/ter.c:304:5:ter_cmd_init	16	static
../DBC/ter.c:313:9:ter_cmd_cmd_encode	16	static
../DBC/ter.c:318:7:ter_cmd_cmd_decode	16	static
../DBC/ter.c:323:6:ter_cmd_cmd_is_in_range	16	static
../DBC/ter.c:328:10:ter_cmd_args_encode	16	static
../DBC/ter.c:333:7:ter_cmd_args_decode	16	static
../DBC/ter.c:338:6:ter_cmd_args_is_in_range	16	static
../DBC/ter.c:343:5:ter_bpps_pack	24	static
../DBC/ter.c:359:5:ter_bpps_unpack	24	static
../DBC/ter.c:373:5:ter_bpps_init	16	static
../DBC/ter.c:382:9:ter_bpps_bpps_encode	16	static
../DBC/ter.c:387:7:ter_bpps_bpps_decode	16	static
../DBC/ter.c:392:6:ter_bpps_bpps_is_in_range	16	static
../DBC/ter.c:397:5:ter_steer_pack	32	static
../DBC/ter.c:417:5:ter_steer_unpack	32	static
../DBC/ter.c:435:5:ter_steer_init	16	static
../DBC/ter.c:444:9:ter_steer_angle_encode	16	static
../DBC/ter.c:449:7:ter_steer_angle_decode	16	static
../DBC/ter.c:454:6:ter_steer_angle_is_in_range	16	static
../DBC/ter.c:459:5:ter_front_rpm_pack	24	static
../DBC/ter.c:478:5:ter_front_rpm_unpack	24	static
../DBC/ter.c:495:5:ter_front_rpm_init	16	static
../DBC/ter.c:504:10:ter_front_rpm_rpm_l_encode	16	static
../DBC/ter.c:509:7:ter_front_rpm_rpm_l_decode	16	static
../DBC/ter.c:514:6:ter_front_rpm_rpm_l_is_in_range	16	static
../DBC/ter.c:519:10:ter_front_rpm_rpm_r_encode	16	static
../DBC/ter.c:524:7:ter_front_rpm_rpm_r_decode	16	static
../DBC/ter.c:529:6:ter_front_rpm_rpm_r_is_in_range	16	static
../DBC/ter.c:534:5:ter_front_v_pack	24	static
../DBC/ter.c:555:5:ter_front_v_unpack	24	static
../DBC/ter.c:574:5:ter_front_v_init	16	static
../DBC/ter.c:583:10:ter_front_v_vx_l_encode	16	static
../DBC/ter.c:588:7:ter_front_v_vx_l_decode	16	static
../DBC/ter.c:593:6:ter_front_v_vx_l_is_in_range	16	static
../DBC/ter.c:598:10:ter_front_v_vx_r_encode	16	static
../DBC/ter.c:603:7:ter_front_v_vx_r_decode	16	static
../DBC/ter.c:608:6:ter_front_v_vx_r_is_in_range	16	static
../DBC/ter.c:613:10:ter_front_v_vx_av_encode	16	static
../DBC/ter.c:618:7:ter_front_v_vx_av_decode	16	static
../DBC/ter.c:623:6:ter_front_v_vx_av_is_in_range	16	static
../DBC/ter.c:628:5:ter_ypr_pack	40	static
../DBC/ter.c:659:5:ter_ypr_unpack	40	static
../DBC/ter.c:703:5:ter_ypr_init	16	static
../DBC/ter.c:712:9:ter_ypr_pitch_encode	16	static
../DBC/ter.c:717:7:ter_ypr_pitch_decode	16	static
../DBC/ter.c:722:6:ter_ypr_pitch_is_in_range	16	static
../DBC/ter.c:727:9:ter_ypr_roll_encode	16	static
../DBC/ter.c:732:7:ter_ypr_roll_decode	16	static
../DBC/ter.c:737:6:ter_ypr_roll_is_in_range	16	static
../DBC/ter.c:742:9:ter_ypr_yaw_encode	16	static
../DBC/ter.c:747:7:ter_ypr_yaw_decode	16	static
../DBC/ter.c:752:6:ter_ypr_yaw_is_in_range	16	static
../DBC/ter.c:757:5:ter_lv_voltages_pack	24	static
../DBC/ter.c:784:5:ter_lv_voltages_unpack	24	static
../DBC/ter.c:809:5:ter_lv_voltages_init	16	static
../DBC/ter.c:818:10:ter_lv_voltages_v1_encode	16	static
../DBC/ter.c:823:7:ter_lv_voltages_v1_decode	16	static
../DBC/ter.c:828:6:ter_lv_voltages_v1_is_in_range	16	static
../DBC/ter.c:833:10:ter_lv_voltages_v2_encode	16	static
../DBC/ter.c:838:7:ter_lv_voltages_v2_decode	16	static
../DBC/ter.c:843:6:ter_lv_voltages_v2_is_in_range	16	static
../DBC/ter.c:848:10:ter_lv_voltages_v3_encode	16	static
../DBC/ter.c:853:7:ter_lv_voltages_v3_decode	16	static
../DBC/ter.c:858:6:ter_lv_voltages_v3_is_in_range	16	static
../DBC/ter.c:863:10:ter_lv_voltages_v4_encode	16	static
../DBC/ter.c:868:7:ter_lv_voltages_v4_decode	16	static
../DBC/ter.c:873:6:ter_lv_voltages_v4_is_in_range	16	static
../DBC/ter.c:878:10:ter_lv_voltages_v5_encode	16	static
../DBC/ter.c:883:7:ter_lv_voltages_v5_decode	16	static
../DBC/ter.c:888:6:ter_lv_voltages_v5_is_in_range	16	static
../DBC/ter.c:893:10:ter_lv_voltages_v6_encode	16	static
../DBC/ter.c:898:7:ter_lv_voltages_v6_decode	16	static
../DBC/ter.c:903:6:ter_lv_voltages_v6_is_in_range	16	static
../DBC/ter.c:908:5:ter_lv_temps_pack	24	static
../DBC/ter.c:926:5:ter_lv_temps_unpack	24	static
../DBC/ter.c:942:5:ter_lv_temps_init	16	static
../DBC/ter.c:951:9:ter_lv_temps_t1_encode	16	static
../DBC/ter.c:956:7:ter_lv_temps_t1_decode	16	static
../DBC/ter.c:961:6:ter_lv_temps_t1_is_in_range	16	static
../DBC/ter.c:966:9:ter_lv_temps_t2_encode	16	static
../DBC/ter.c:971:7:ter_lv_temps_t2_decode	16	static
../DBC/ter.c:976:6:ter_lv_temps_t2_is_in_range	16	static
../DBC/ter.c:981:9:ter_lv_temps_t3_encode	16	static
../DBC/ter.c:986:7:ter_lv_temps_t3_decode	16	static
../DBC/ter.c:991:6:ter_lv_temps_t3_is_in_range	16	static
../DBC/ter.c:996:5:ter_lv_status_pack	24	static
../DBC/ter.c:1028:5:ter_lv_status_unpack	24	static
../DBC/ter.c:1058:5:ter_lv_status_init	16	static
../DBC/ter.c:1067:9:ter_lv_status_lv_status_encode	16	static
../DBC/ter.c:1072:7:ter_lv_status_lv_status_decode	16	static
../DBC/ter.c:1077:6:ter_lv_status_lv_status_is_in_range	16	static
../DBC/ter.c:1082:9:ter_lv_status_lv_voltage_ok_encode	16	static
../DBC/ter.c:1087:7:ter_lv_status_lv_voltage_ok_decode	16	static
../DBC/ter.c:1092:6:ter_lv_status_lv_voltage_ok_is_in_range	16	static
../DBC/ter.c:1097:9:ter_lv_status_lv_temp_ok_encode	16	static
../DBC/ter.c:1102:7:ter_lv_status_lv_temp_ok_decode	16	static
../DBC/ter.c:1107:6:ter_lv_status_lv_temp_ok_is_in_range	16	static
../DBC/ter.c:1112:9:ter_lv_status_lv_current_ok_encode	16	static
../DBC/ter.c:1117:7:ter_lv_status_lv_current_ok_decode	16	static
../DBC/ter.c:1122:6:ter_lv_status_lv_current_ok_is_in_range	16	static
../DBC/ter.c:1127:9:ter_lv_status_refri_on_encode	16	static
../DBC/ter.c:1132:7:ter_lv_status_refri_on_decode	16	static
../DBC/ter.c:1137:6:ter_lv_status_refri_on_is_in_range	16	static
../DBC/ter.c:1142:9:ter_lv_status_lv_on_encode	16	static
../DBC/ter.c:1147:7:ter_lv_status_lv_on_decode	16	static
../DBC/ter.c:1152:6:ter_lv_status_lv_on_is_in_range	16	static
../DBC/ter.c:1157:10:ter_lv_status_lv_current_encode	16	static
../DBC/ter.c:1162:7:ter_lv_status_lv_current_decode	16	static
../DBC/ter.c:1167:6:ter_lv_status_lv_current_is_in_range	16	static
../DBC/ter.c:1172:10:ter_lv_status_v_max_encode	16	static
../DBC/ter.c:1177:7:ter_lv_status_v_max_decode	16	static
../DBC/ter.c:1182:6:ter_lv_status_v_max_is_in_range	16	static
../DBC/ter.c:1187:10:ter_lv_status_v_mean_encode	16	static
../DBC/ter.c:1192:7:ter_lv_status_v_mean_decode	16	static
../DBC/ter.c:1197:6:ter_lv_status_v_mean_is_in_range	16	static
../DBC/ter.c:1202:10:ter_lv_status_v_min_encode	16	static
../DBC/ter.c:1207:7:ter_lv_status_v_min_decode	16	static
../DBC/ter.c:1212:6:ter_lv_status_v_min_is_in_range	16	static
../DBC/ter.c:1217:10:ter_lv_status_v_tot_encode	16	static
../DBC/ter.c:1222:7:ter_lv_status_v_tot_decode	16	static
../DBC/ter.c:1227:6:ter_lv_status_v_tot_is_in_range	16	static
../DBC/ter.c:1232:5:ter_ang_rate_pack	40	static
../DBC/ter.c:1263:5:ter_ang_rate_unpack	40	static
../DBC/ter.c:1307:5:ter_ang_rate_init	16	static
../DBC/ter.c:1316:9:ter_ang_rate_roll_rate_x_encode	16	static
../DBC/ter.c:1321:7:ter_ang_rate_roll_rate_x_decode	16	static
../DBC/ter.c:1326:6:ter_ang_rate_roll_rate_x_is_in_range	16	static
../DBC/ter.c:1331:9:ter_ang_rate_pitch_rate_y_encode	16	static
../DBC/ter.c:1336:7:ter_ang_rate_pitch_rate_y_decode	16	static
../DBC/ter.c:1341:6:ter_ang_rate_pitch_rate_y_is_in_range	16	static
../DBC/ter.c:1346:9:ter_ang_rate_yaw_rate_z_encode	16	static
../DBC/ter.c:1351:7:ter_ang_rate_yaw_rate_z_decode	16	static
../DBC/ter.c:1356:6:ter_ang_rate_yaw_rate_z_is_in_range	16	static
../DBC/ter.c:1361:5:ter_gps_lat_long_pack	32	static
../DBC/ter.c:1389:5:ter_gps_lat_long_unpack	32	static
../DBC/ter.c:1415:5:ter_gps_lat_long_init	16	static
../DBC/ter.c:1424:9:ter_gps_lat_long_latitude_encode	16	static
../DBC/ter.c:1429:7:ter_gps_lat_long_latitude_decode	16	static
../DBC/ter.c:1434:6:ter_gps_lat_long_latitude_is_in_range	16	static
../DBC/ter.c:1439:9:ter_gps_lat_long_longitude_encode	16	static
../DBC/ter.c:1444:7:ter_gps_lat_long_longitude_decode	16	static
../DBC/ter.c:1449:6:ter_gps_lat_long_longitude_is_in_range	16	static
../DBC/ter.c:1454:5:ter_gps_altitude_pres_pack	32	static
../DBC/ter.c:1480:5:ter_gps_altitude_pres_unpack	32	static
../DBC/ter.c:1504:5:ter_gps_altitude_pres_init	16	static
../DBC/ter.c:1513:9:ter_gps_altitude_pres_altidude_encode	16	static
../DBC/ter.c:1518:7:ter_gps_altitude_pres_altidude_decode	16	static
../DBC/ter.c:1523:6:ter_gps_altitude_pres_altidude_is_in_range	16	static
../DBC/ter.c:1528:9:ter_gps_altitude_pres_barometric_pressure_encode	16	static
../DBC/ter.c:1533:7:ter_gps_altitude_pres_barometric_pressure_decode	16	static
../DBC/ter.c:1538:6:ter_gps_altitude_pres_barometric_pressure_is_in_range	16	static
../DBC/ter.c:1543:5:ter_accel_pack	32	static
../DBC/ter.c:1571:5:ter_accel_unpack	32	static
../DBC/ter.c:1597:5:ter_accel_init	16	static
../DBC/ter.c:1606:9:ter_accel_a_x_encode	16	static
../DBC/ter.c:1611:7:ter_accel_a_x_decode	16	static
../DBC/ter.c:1616:6:ter_accel_a_x_is_in_range	16	static
../DBC/ter.c:1621:9:ter_accel_a_y_encode	16	static
../DBC/ter.c:1626:7:ter_accel_a_y_decode	16	static
../DBC/ter.c:1631:6:ter_accel_a_y_is_in_range	16	static
../DBC/ter.c:1636:9:ter_accel_a_z_encode	16	static
../DBC/ter.c:1641:7:ter_accel_a_z_decode	16	static
../DBC/ter.c:1646:6:ter_accel_a_z_is_in_range	16	static
../DBC/ter.c:1651:5:ter_mag_pack	32	static
../DBC/ter.c:1671:5:ter_mag_unpack	32	static
../DBC/ter.c:1689:5:ter_mag_init	16	static
../DBC/ter.c:1698:9:ter_mag_heading_encode	16	static
../DBC/ter.c:1703:7:ter_mag_heading_decode	16	static
../DBC/ter.c:1708:6:ter_mag_heading_is_in_range	16	static
../DBC/ter.c:1713:5:ter_vel_body_pack	32	static
../DBC/ter.c:1741:5:ter_vel_body_unpack	32	static
../DBC/ter.c:1767:5:ter_vel_body_init	16	static
../DBC/ter.c:1776:9:ter_vel_body_v_x_encode	16	static
../DBC/ter.c:1781:7:ter_vel_body_v_x_decode	16	static
../DBC/ter.c:1786:6:ter_vel_body_v_x_is_in_range	16	static
../DBC/ter.c:1791:9:ter_vel_body_v_y_encode	16	static
../DBC/ter.c:1796:7:ter_vel_body_v_y_decode	16	static
../DBC/ter.c:1801:6:ter_vel_body_v_y_is_in_range	16	static
../DBC/ter.c:1806:9:ter_vel_body_v_z_encode	16	static
../DBC/ter.c:1811:7:ter_vel_body_v_z_decode	16	static
../DBC/ter.c:1816:6:ter_vel_body_v_z_is_in_range	16	static
../DBC/ter.c:1821:5:ter_imu_status_pack	32	static
../DBC/ter.c:1849:5:ter_imu_status_unpack	32	static
../DBC/ter.c:1875:5:ter_imu_status_init	16	static
../DBC/ter.c:1884:9:ter_imu_status_status_encode	16	static
../DBC/ter.c:1889:7:ter_imu_status_status_decode	16	static
../DBC/ter.c:1894:6:ter_imu_status_status_is_in_range	16	static
../DBC/ter.c:1899:9:ter_imu_status_pos_u_encode	16	static
../DBC/ter.c:1904:7:ter_imu_status_pos_u_decode	16	static
../DBC/ter.c:1909:6:ter_imu_status_pos_u_is_in_range	16	static
../DBC/ter.c:1914:9:ter_imu_status_vel_u_encode	16	static
../DBC/ter.c:1919:7:ter_imu_status_vel_u_decode	16	static
../DBC/ter.c:1924:6:ter_imu_status_vel_u_is_in_range	16	static
../DBC/ter.c:1929:5:ter_ecu_status_pack	24	static
../DBC/ter.c:1947:5:ter_ecu_status_unpack	24	static
../DBC/ter.c:1963:5:ter_ecu_status_init	16	static
../DBC/ter.c:1972:9:ter_ecu_status_sl_status_encode	16	static
../DBC/ter.c:1977:7:ter_ecu_status_sl_status_decode	16	static
../DBC/ter.c:1982:6:ter_ecu_status_sl_status_is_in_range	16	static
../DBC/ter.c:1987:9:ter_ecu_status_state_encode	16	static
../DBC/ter.c:1992:7:ter_ecu_status_state_decode	16	static
../DBC/ter.c:1997:6:ter_ecu_status_state_is_in_range	16	static
../DBC/ter.c:2002:9:ter_ecu_status_r2d_encode	16	static
../DBC/ter.c:2007:7:ter_ecu_status_r2d_decode	16	static
../DBC/ter.c:2012:6:ter_ecu_status_r2d_is_in_range	16	static
