../DBC/ter.c:35:23:pack_left_shift_u8	16	static
../DBC/ter.c:43:23:pack_left_shift_u16	16	static
../DBC/ter.c:51:23:pack_left_shift_u32	16	static
../DBC/ter.c:59:23:pack_right_shift_u16	16	static
../DBC/ter.c:67:23:pack_right_shift_u32	16	static
../DBC/ter.c:75:24:unpack_left_shift_u16	16	static
../DBC/ter.c:83:24:unpack_left_shift_u32	16	static
../DBC/ter.c:91:23:unpack_right_shift_u8	16	static
../DBC/ter.c:99:24:unpack_right_shift_u16	16	static
../DBC/ter.c:107:24:unpack_right_shift_u32	16	static
../DBC/ter.c:115:5:ter_rr_temp_pack	32	static
../DBC/ter.c:147:5:ter_rr_temp_unpack	32	static
../DBC/ter.c:177:5:ter_rr_temp_init	16	static
../DBC/ter.c:186:9:ter_rr_temp_tw1_encode	16	static
../DBC/ter.c:191:7:ter_rr_temp_tw1_decode	16	static
../DBC/ter.c:196:6:ter_rr_temp_tw1_is_in_range	16	static
../DBC/ter.c:203:9:ter_rr_temp_tw2_encode	16	static
../DBC/ter.c:208:7:ter_rr_temp_tw2_decode	16	static
../DBC/ter.c:213:6:ter_rr_temp_tw2_is_in_range	16	static
../DBC/ter.c:220:9:ter_rr_temp_tw3_encode	16	static
../DBC/ter.c:225:7:ter_rr_temp_tw3_decode	16	static
../DBC/ter.c:230:6:ter_rr_temp_tw3_is_in_range	16	static
../DBC/ter.c:237:9:ter_rr_temp_tw4_encode	16	static
../DBC/ter.c:242:7:ter_rr_temp_tw4_decode	16	static
../DBC/ter.c:247:6:ter_rr_temp_tw4_is_in_range	16	static
../DBC/ter.c:254:5:ter_rl_temp_pack	32	static
../DBC/ter.c:286:5:ter_rl_temp_unpack	32	static
../DBC/ter.c:316:5:ter_rl_temp_init	16	static
../DBC/ter.c:325:9:ter_rl_temp_tw1_encode	16	static
../DBC/ter.c:330:7:ter_rl_temp_tw1_decode	16	static
../DBC/ter.c:335:6:ter_rl_temp_tw1_is_in_range	16	static
../DBC/ter.c:342:9:ter_rl_temp_tw2_encode	16	static
../DBC/ter.c:347:7:ter_rl_temp_tw2_decode	16	static
../DBC/ter.c:352:6:ter_rl_temp_tw2_is_in_range	16	static
../DBC/ter.c:359:9:ter_rl_temp_tw3_encode	16	static
../DBC/ter.c:364:7:ter_rl_temp_tw3_decode	16	static
../DBC/ter.c:369:6:ter_rl_temp_tw3_is_in_range	16	static
../DBC/ter.c:376:9:ter_rl_temp_tw4_encode	16	static
../DBC/ter.c:381:7:ter_rl_temp_tw4_decode	16	static
../DBC/ter.c:386:6:ter_rl_temp_tw4_is_in_range	16	static
../DBC/ter.c:393:5:ter_fr_temp_pack	32	static
../DBC/ter.c:425:5:ter_fr_temp_unpack	32	static
../DBC/ter.c:455:5:ter_fr_temp_init	16	static
../DBC/ter.c:464:9:ter_fr_temp_tw1_encode	16	static
../DBC/ter.c:469:7:ter_fr_temp_tw1_decode	16	static
../DBC/ter.c:474:6:ter_fr_temp_tw1_is_in_range	16	static
../DBC/ter.c:481:9:ter_fr_temp_tw2_encode	16	static
../DBC/ter.c:486:7:ter_fr_temp_tw2_decode	16	static
../DBC/ter.c:491:6:ter_fr_temp_tw2_is_in_range	16	static
../DBC/ter.c:498:9:ter_fr_temp_tw3_encode	16	static
../DBC/ter.c:503:7:ter_fr_temp_tw3_decode	16	static
../DBC/ter.c:508:6:ter_fr_temp_tw3_is_in_range	16	static
../DBC/ter.c:515:9:ter_fr_temp_tw4_encode	16	static
../DBC/ter.c:520:7:ter_fr_temp_tw4_decode	16	static
../DBC/ter.c:525:6:ter_fr_temp_tw4_is_in_range	16	static
../DBC/ter.c:532:5:ter_fl_temp_pack	32	static
../DBC/ter.c:564:5:ter_fl_temp_unpack	32	static
../DBC/ter.c:594:5:ter_fl_temp_init	16	static
../DBC/ter.c:603:9:ter_fl_temp_tw1_encode	16	static
../DBC/ter.c:608:7:ter_fl_temp_tw1_decode	16	static
../DBC/ter.c:613:6:ter_fl_temp_tw1_is_in_range	16	static
../DBC/ter.c:620:9:ter_fl_temp_tw2_encode	16	static
../DBC/ter.c:625:7:ter_fl_temp_tw2_decode	16	static
../DBC/ter.c:630:6:ter_fl_temp_tw2_is_in_range	16	static
../DBC/ter.c:637:9:ter_fl_temp_tw3_encode	16	static
../DBC/ter.c:642:7:ter_fl_temp_tw3_decode	16	static
../DBC/ter.c:647:6:ter_fl_temp_tw3_is_in_range	16	static
../DBC/ter.c:654:9:ter_fl_temp_tw4_encode	16	static
../DBC/ter.c:659:7:ter_fl_temp_tw4_decode	16	static
../DBC/ter.c:664:6:ter_fl_temp_tw4_is_in_range	16	static
../DBC/ter.c:671:5:ter_buttons_bit_map_pack	24	static
../DBC/ter.c:694:5:ter_buttons_bit_map_unpack	24	static
../DBC/ter.c:715:5:ter_buttons_bit_map_init	16	static
../DBC/ter.c:724:9:ter_buttons_bit_map_ld_encode	16	static
../DBC/ter.c:729:7:ter_buttons_bit_map_ld_decode	16	static
../DBC/ter.c:734:6:ter_buttons_bit_map_ld_is_in_range	16	static
../DBC/ter.c:739:9:ter_buttons_bit_map_li_encode	16	static
../DBC/ter.c:744:7:ter_buttons_bit_map_li_decode	16	static
../DBC/ter.c:749:6:ter_buttons_bit_map_li_is_in_range	16	static
../DBC/ter.c:754:9:ter_buttons_bit_map_r1_encode	16	static
../DBC/ter.c:759:7:ter_buttons_bit_map_r1_decode	16	static
../DBC/ter.c:764:6:ter_buttons_bit_map_r1_is_in_range	16	static
../DBC/ter.c:769:9:ter_buttons_bit_map_r2_encode	16	static
../DBC/ter.c:774:7:ter_buttons_bit_map_r2_decode	16	static
../DBC/ter.c:779:6:ter_buttons_bit_map_r2_is_in_range	16	static
../DBC/ter.c:784:9:ter_buttons_bit_map_r3_encode	16	static
../DBC/ter.c:789:7:ter_buttons_bit_map_r3_decode	16	static
../DBC/ter.c:794:6:ter_buttons_bit_map_r3_is_in_range	16	static
../DBC/ter.c:799:9:ter_buttons_bit_map_r4_encode	16	static
../DBC/ter.c:804:7:ter_buttons_bit_map_r4_decode	16	static
../DBC/ter.c:809:6:ter_buttons_bit_map_r4_is_in_range	16	static
../DBC/ter.c:814:9:ter_buttons_bit_map_r5_encode	16	static
../DBC/ter.c:819:7:ter_buttons_bit_map_r5_decode	16	static
../DBC/ter.c:824:6:ter_buttons_bit_map_r5_is_in_range	16	static
../DBC/ter.c:829:9:ter_buttons_bit_map_r6_encode	16	static
../DBC/ter.c:834:7:ter_buttons_bit_map_r6_decode	16	static
../DBC/ter.c:839:6:ter_buttons_bit_map_r6_is_in_range	16	static
../DBC/ter.c:844:5:ter_apps_pack	24	static
../DBC/ter.c:863:5:ter_apps_unpack	24	static
../DBC/ter.c:880:5:ter_apps_init	16	static
../DBC/ter.c:889:9:ter_apps_apps_1_encode	16	static
../DBC/ter.c:894:7:ter_apps_apps_1_decode	16	static
../DBC/ter.c:899:6:ter_apps_apps_1_is_in_range	16	static
../DBC/ter.c:906:9:ter_apps_apps_2_encode	16	static
../DBC/ter.c:911:7:ter_apps_apps_2_decode	16	static
../DBC/ter.c:916:6:ter_apps_apps_2_is_in_range	16	static
../DBC/ter.c:923:9:ter_apps_apps_av_encode	16	static
../DBC/ter.c:928:7:ter_apps_apps_av_decode	16	static
../DBC/ter.c:933:6:ter_apps_apps_av_is_in_range	16	static
../DBC/ter.c:940:9:ter_apps_imp_flag_encode	16	static
../DBC/ter.c:945:7:ter_apps_imp_flag_decode	16	static
../DBC/ter.c:950:6:ter_apps_imp_flag_is_in_range	16	static
../DBC/ter.c:957:5:ter_command_pack	24	static
../DBC/ter.c:1725:5:ter_command_unpack	24	static
../DBC/ter.c:2491:5:ter_command_init	16	static
../DBC/ter.c:2500:9:ter_command_cmd_encode	16	static
../DBC/ter.c:2505:7:ter_command_cmd_decode	16	static
../DBC/ter.c:2510:6:ter_command_cmd_is_in_range	16	static
../DBC/ter.c:2515:9:ter_command_kw_limit_encode	16	static
../DBC/ter.c:2520:7:ter_command_kw_limit_decode	16	static
../DBC/ter.c:2525:6:ter_command_kw_limit_is_in_range	16	static
../DBC/ter.c:2530:9:ter_command_cfg_limiter_encode	16	static
../DBC/ter.c:2535:7:ter_command_cfg_limiter_decode	16	static
../DBC/ter.c:2540:6:ter_command_cfg_limiter_is_in_range	16	static
../DBC/ter.c:2545:9:ter_command_onoff_encode	16	static
../DBC/ter.c:2550:7:ter_command_onoff_decode	16	static
../DBC/ter.c:2555:6:ter_command_onoff_is_in_range	16	static
../DBC/ter.c:2560:10:ter_command_value_encode	16	static
../DBC/ter.c:2565:7:ter_command_value_decode	16	static
../DBC/ter.c:2570:6:ter_command_value_is_in_range	16	static
../DBC/ter.c:2575:9:ter_command_trq_limit_encode	16	static
../DBC/ter.c:2580:7:ter_command_trq_limit_decode	16	static
../DBC/ter.c:2585:6:ter_command_trq_limit_is_in_range	16	static
../DBC/ter.c:2590:9:ter_command_cfg_mode_encode	16	static
../DBC/ter.c:2595:7:ter_command_cfg_mode_decode	16	static
../DBC/ter.c:2600:6:ter_command_cfg_mode_is_in_range	16	static
../DBC/ter.c:2605:9:ter_command_speed_limit_encode	16	static
../DBC/ter.c:2610:7:ter_command_speed_limit_decode	16	static
../DBC/ter.c:2615:6:ter_command_speed_limit_is_in_range	16	static
../DBC/ter.c:2620:9:ter_command_cfg_traction_control_encode	16	static
../DBC/ter.c:2625:7:ter_command_cfg_traction_control_decode	16	static
../DBC/ter.c:2630:6:ter_command_cfg_traction_control_is_in_range	16	static
../DBC/ter.c:2635:5:ter_bpps_pack	24	static
../DBC/ter.c:2651:5:ter_bpps_unpack	24	static
../DBC/ter.c:2665:5:ter_bpps_init	16	static
../DBC/ter.c:2674:9:ter_bpps_bpps_encode	16	static
../DBC/ter.c:2679:7:ter_bpps_bpps_decode	16	static
../DBC/ter.c:2684:6:ter_bpps_bpps_is_in_range	16	static
../DBC/ter.c:2689:5:ter_steer_pack	32	static
../DBC/ter.c:2709:5:ter_steer_unpack	32	static
../DBC/ter.c:2727:5:ter_steer_init	16	static
../DBC/ter.c:2736:9:ter_steer_angle_encode	16	static
../DBC/ter.c:2741:7:ter_steer_angle_decode	16	static
../DBC/ter.c:2746:6:ter_steer_angle_is_in_range	16	static
../DBC/ter.c:2751:5:ter_front_rpm_pack	24	static
../DBC/ter.c:2770:5:ter_front_rpm_unpack	24	static
../DBC/ter.c:2787:5:ter_front_rpm_init	16	static
../DBC/ter.c:2796:10:ter_front_rpm_rpm_l_encode	16	static
../DBC/ter.c:2801:7:ter_front_rpm_rpm_l_decode	16	static
../DBC/ter.c:2806:6:ter_front_rpm_rpm_l_is_in_range	16	static
../DBC/ter.c:2811:10:ter_front_rpm_rpm_r_encode	16	static
../DBC/ter.c:2816:7:ter_front_rpm_rpm_r_decode	16	static
../DBC/ter.c:2821:6:ter_front_rpm_rpm_r_is_in_range	16	static
../DBC/ter.c:2826:5:ter_front_v_pack	24	static
../DBC/ter.c:2847:5:ter_front_v_unpack	24	static
../DBC/ter.c:2866:5:ter_front_v_init	16	static
../DBC/ter.c:2875:10:ter_front_v_vx_l_encode	16	static
../DBC/ter.c:2880:7:ter_front_v_vx_l_decode	16	static
../DBC/ter.c:2885:6:ter_front_v_vx_l_is_in_range	16	static
../DBC/ter.c:2890:10:ter_front_v_vx_r_encode	16	static
../DBC/ter.c:2895:7:ter_front_v_vx_r_decode	16	static
../DBC/ter.c:2900:6:ter_front_v_vx_r_is_in_range	16	static
../DBC/ter.c:2905:10:ter_front_v_vx_av_encode	16	static
../DBC/ter.c:2910:7:ter_front_v_vx_av_decode	16	static
../DBC/ter.c:2915:6:ter_front_v_vx_av_is_in_range	16	static
../DBC/ter.c:2920:5:ter_ypr_pack	40	static
../DBC/ter.c:2951:5:ter_ypr_unpack	40	static
../DBC/ter.c:2995:5:ter_ypr_init	16	static
../DBC/ter.c:3004:9:ter_ypr_pitch_encode	16	static
../DBC/ter.c:3009:7:ter_ypr_pitch_decode	16	static
../DBC/ter.c:3014:6:ter_ypr_pitch_is_in_range	16	static
../DBC/ter.c:3019:9:ter_ypr_roll_encode	16	static
../DBC/ter.c:3024:7:ter_ypr_roll_decode	16	static
../DBC/ter.c:3029:6:ter_ypr_roll_is_in_range	16	static
../DBC/ter.c:3034:9:ter_ypr_yaw_encode	16	static
../DBC/ter.c:3039:7:ter_ypr_yaw_decode	16	static
../DBC/ter.c:3044:6:ter_ypr_yaw_is_in_range	16	static
../DBC/ter.c:3049:5:ter_lv_voltages_pack	24	static
../DBC/ter.c:3076:5:ter_lv_voltages_unpack	24	static
../DBC/ter.c:3101:5:ter_lv_voltages_init	16	static
../DBC/ter.c:3110:10:ter_lv_voltages_v1_encode	16	static
../DBC/ter.c:3115:7:ter_lv_voltages_v1_decode	16	static
../DBC/ter.c:3120:6:ter_lv_voltages_v1_is_in_range	16	static
../DBC/ter.c:3125:10:ter_lv_voltages_v2_encode	16	static
../DBC/ter.c:3130:7:ter_lv_voltages_v2_decode	16	static
../DBC/ter.c:3135:6:ter_lv_voltages_v2_is_in_range	16	static
../DBC/ter.c:3140:10:ter_lv_voltages_v3_encode	16	static
../DBC/ter.c:3145:7:ter_lv_voltages_v3_decode	16	static
../DBC/ter.c:3150:6:ter_lv_voltages_v3_is_in_range	16	static
../DBC/ter.c:3155:10:ter_lv_voltages_v4_encode	16	static
../DBC/ter.c:3160:7:ter_lv_voltages_v4_decode	16	static
../DBC/ter.c:3165:6:ter_lv_voltages_v4_is_in_range	16	static
../DBC/ter.c:3170:10:ter_lv_voltages_v5_encode	16	static
../DBC/ter.c:3175:7:ter_lv_voltages_v5_decode	16	static
../DBC/ter.c:3180:6:ter_lv_voltages_v5_is_in_range	16	static
../DBC/ter.c:3185:10:ter_lv_voltages_v6_encode	16	static
../DBC/ter.c:3190:7:ter_lv_voltages_v6_decode	16	static
../DBC/ter.c:3195:6:ter_lv_voltages_v6_is_in_range	16	static
../DBC/ter.c:3200:5:ter_lv_temps_pack	24	static
../DBC/ter.c:3221:5:ter_lv_temps_unpack	24	static
../DBC/ter.c:3240:5:ter_lv_temps_init	16	static
../DBC/ter.c:3249:10:ter_lv_temps_t1_encode	16	static
../DBC/ter.c:3254:7:ter_lv_temps_t1_decode	16	static
../DBC/ter.c:3259:6:ter_lv_temps_t1_is_in_range	16	static
../DBC/ter.c:3264:10:ter_lv_temps_t2_encode	16	static
../DBC/ter.c:3269:7:ter_lv_temps_t2_decode	16	static
../DBC/ter.c:3274:6:ter_lv_temps_t2_is_in_range	16	static
../DBC/ter.c:3279:10:ter_lv_temps_t3_encode	16	static
../DBC/ter.c:3284:7:ter_lv_temps_t3_decode	16	static
../DBC/ter.c:3289:6:ter_lv_temps_t3_is_in_range	16	static
../DBC/ter.c:3294:5:ter_lv_status_pack	24	static
../DBC/ter.c:3326:5:ter_lv_status_unpack	24	static
../DBC/ter.c:3356:5:ter_lv_status_init	16	static
../DBC/ter.c:3365:9:ter_lv_status_status_encode	16	static
../DBC/ter.c:3370:7:ter_lv_status_status_decode	16	static
../DBC/ter.c:3375:6:ter_lv_status_status_is_in_range	16	static
../DBC/ter.c:3380:9:ter_lv_status_voltages_ok_encode	16	static
../DBC/ter.c:3385:7:ter_lv_status_voltages_ok_decode	16	static
../DBC/ter.c:3390:6:ter_lv_status_voltages_ok_is_in_range	16	static
../DBC/ter.c:3395:9:ter_lv_status_temps_ok_encode	16	static
../DBC/ter.c:3400:7:ter_lv_status_temps_ok_decode	16	static
../DBC/ter.c:3405:6:ter_lv_status_temps_ok_is_in_range	16	static
../DBC/ter.c:3410:9:ter_lv_status_current_ok_encode	16	static
../DBC/ter.c:3415:7:ter_lv_status_current_ok_decode	16	static
../DBC/ter.c:3420:6:ter_lv_status_current_ok_is_in_range	16	static
../DBC/ter.c:3425:9:ter_lv_status_refri_on_encode	16	static
../DBC/ter.c:3430:7:ter_lv_status_refri_on_decode	16	static
../DBC/ter.c:3435:6:ter_lv_status_refri_on_is_in_range	16	static
../DBC/ter.c:3440:9:ter_lv_status_lv_on_encode	16	static
../DBC/ter.c:3445:7:ter_lv_status_lv_on_decode	16	static
../DBC/ter.c:3450:6:ter_lv_status_lv_on_is_in_range	16	static
../DBC/ter.c:3455:10:ter_lv_status_current_encode	16	static
../DBC/ter.c:3460:7:ter_lv_status_current_decode	16	static
../DBC/ter.c:3465:6:ter_lv_status_current_is_in_range	16	static
../DBC/ter.c:3470:10:ter_lv_status_v_max_encode	16	static
../DBC/ter.c:3475:7:ter_lv_status_v_max_decode	16	static
../DBC/ter.c:3480:6:ter_lv_status_v_max_is_in_range	16	static
../DBC/ter.c:3485:10:ter_lv_status_v_mean_encode	16	static
../DBC/ter.c:3490:7:ter_lv_status_v_mean_decode	16	static
../DBC/ter.c:3495:6:ter_lv_status_v_mean_is_in_range	16	static
../DBC/ter.c:3500:10:ter_lv_status_v_min_encode	16	static
../DBC/ter.c:3505:7:ter_lv_status_v_min_decode	16	static
../DBC/ter.c:3510:6:ter_lv_status_v_min_is_in_range	16	static
../DBC/ter.c:3515:10:ter_lv_status_v_tot_encode	16	static
../DBC/ter.c:3520:7:ter_lv_status_v_tot_decode	16	static
../DBC/ter.c:3525:6:ter_lv_status_v_tot_is_in_range	16	static
../DBC/ter.c:3530:5:ter_ang_rate_pack	40	static
../DBC/ter.c:3561:5:ter_ang_rate_unpack	40	static
../DBC/ter.c:3605:5:ter_ang_rate_init	16	static
../DBC/ter.c:3614:9:ter_ang_rate_roll_rate_x_encode	16	static
../DBC/ter.c:3619:7:ter_ang_rate_roll_rate_x_decode	16	static
../DBC/ter.c:3624:6:ter_ang_rate_roll_rate_x_is_in_range	16	static
../DBC/ter.c:3629:9:ter_ang_rate_pitch_rate_y_encode	16	static
../DBC/ter.c:3634:7:ter_ang_rate_pitch_rate_y_decode	16	static
../DBC/ter.c:3639:6:ter_ang_rate_pitch_rate_y_is_in_range	16	static
../DBC/ter.c:3644:9:ter_ang_rate_yaw_rate_z_encode	16	static
../DBC/ter.c:3649:7:ter_ang_rate_yaw_rate_z_decode	16	static
../DBC/ter.c:3654:6:ter_ang_rate_yaw_rate_z_is_in_range	16	static
../DBC/ter.c:3659:5:ter_gps_lat_long_pack	32	static
../DBC/ter.c:3687:5:ter_gps_lat_long_unpack	32	static
../DBC/ter.c:3713:5:ter_gps_lat_long_init	16	static
../DBC/ter.c:3722:9:ter_gps_lat_long_latitude_encode	16	static
../DBC/ter.c:3727:7:ter_gps_lat_long_latitude_decode	16	static
../DBC/ter.c:3732:6:ter_gps_lat_long_latitude_is_in_range	16	static
../DBC/ter.c:3737:9:ter_gps_lat_long_longitude_encode	16	static
../DBC/ter.c:3742:7:ter_gps_lat_long_longitude_decode	16	static
../DBC/ter.c:3747:6:ter_gps_lat_long_longitude_is_in_range	16	static
../DBC/ter.c:3752:5:ter_gps_altitude_pres_pack	32	static
../DBC/ter.c:3778:5:ter_gps_altitude_pres_unpack	32	static
../DBC/ter.c:3802:5:ter_gps_altitude_pres_init	16	static
../DBC/ter.c:3811:9:ter_gps_altitude_pres_altidude_encode	16	static
../DBC/ter.c:3816:7:ter_gps_altitude_pres_altidude_decode	16	static
../DBC/ter.c:3821:6:ter_gps_altitude_pres_altidude_is_in_range	16	static
../DBC/ter.c:3826:9:ter_gps_altitude_pres_barometric_pressure_encode	16	static
../DBC/ter.c:3831:7:ter_gps_altitude_pres_barometric_pressure_decode	16	static
../DBC/ter.c:3836:6:ter_gps_altitude_pres_barometric_pressure_is_in_range	16	static
../DBC/ter.c:3841:5:ter_accel_pack	32	static
../DBC/ter.c:3869:5:ter_accel_unpack	32	static
../DBC/ter.c:3895:5:ter_accel_init	16	static
../DBC/ter.c:3904:9:ter_accel_a_x_encode	16	static
../DBC/ter.c:3909:7:ter_accel_a_x_decode	16	static
../DBC/ter.c:3914:6:ter_accel_a_x_is_in_range	16	static
../DBC/ter.c:3919:9:ter_accel_a_y_encode	16	static
../DBC/ter.c:3924:7:ter_accel_a_y_decode	16	static
../DBC/ter.c:3929:6:ter_accel_a_y_is_in_range	16	static
../DBC/ter.c:3934:9:ter_accel_a_z_encode	16	static
../DBC/ter.c:3939:7:ter_accel_a_z_decode	16	static
../DBC/ter.c:3944:6:ter_accel_a_z_is_in_range	16	static
../DBC/ter.c:3949:5:ter_mag_pack	32	static
../DBC/ter.c:3969:5:ter_mag_unpack	32	static
../DBC/ter.c:3987:5:ter_mag_init	16	static
../DBC/ter.c:3996:9:ter_mag_heading_encode	16	static
../DBC/ter.c:4001:7:ter_mag_heading_decode	16	static
../DBC/ter.c:4006:6:ter_mag_heading_is_in_range	16	static
../DBC/ter.c:4011:5:ter_vel_body_pack	32	static
../DBC/ter.c:4039:5:ter_vel_body_unpack	32	static
../DBC/ter.c:4065:5:ter_vel_body_init	16	static
../DBC/ter.c:4074:9:ter_vel_body_v_x_encode	16	static
../DBC/ter.c:4079:7:ter_vel_body_v_x_decode	16	static
../DBC/ter.c:4084:6:ter_vel_body_v_x_is_in_range	16	static
../DBC/ter.c:4089:9:ter_vel_body_v_y_encode	16	static
../DBC/ter.c:4094:7:ter_vel_body_v_y_decode	16	static
../DBC/ter.c:4099:6:ter_vel_body_v_y_is_in_range	16	static
../DBC/ter.c:4104:9:ter_vel_body_v_z_encode	16	static
../DBC/ter.c:4109:7:ter_vel_body_v_z_decode	16	static
../DBC/ter.c:4114:6:ter_vel_body_v_z_is_in_range	16	static
../DBC/ter.c:4119:5:ter_imu_status_pack	32	static
../DBC/ter.c:4147:5:ter_imu_status_unpack	32	static
../DBC/ter.c:4173:5:ter_imu_status_init	16	static
../DBC/ter.c:4182:9:ter_imu_status_status_encode	16	static
../DBC/ter.c:4187:7:ter_imu_status_status_decode	16	static
../DBC/ter.c:4192:6:ter_imu_status_status_is_in_range	16	static
../DBC/ter.c:4197:9:ter_imu_status_pos_u_encode	16	static
../DBC/ter.c:4202:7:ter_imu_status_pos_u_decode	16	static
../DBC/ter.c:4207:6:ter_imu_status_pos_u_is_in_range	16	static
../DBC/ter.c:4212:9:ter_imu_status_vel_u_encode	16	static
../DBC/ter.c:4217:7:ter_imu_status_vel_u_decode	16	static
../DBC/ter.c:4222:6:ter_imu_status_vel_u_is_in_range	16	static
../DBC/ter.c:4227:5:ter_ter_status_pack	24	static
../DBC/ter.c:4254:5:ter_ter_status_unpack	24	static
../DBC/ter.c:4279:5:ter_ter_status_init	16	static
../DBC/ter.c:4288:9:ter_ter_status_state_encode	16	static
../DBC/ter.c:4293:7:ter_ter_status_state_decode	16	static
../DBC/ter.c:4298:6:ter_ter_status_state_is_in_range	16	static
../DBC/ter.c:4303:9:ter_ter_status_r2_d_encode	16	static
../DBC/ter.c:4308:7:ter_ter_status_r2_d_decode	16	static
../DBC/ter.c:4313:6:ter_ter_status_r2_d_is_in_range	16	static
../DBC/ter.c:4318:9:ter_ter_status_scs_encode	16	static
../DBC/ter.c:4323:7:ter_ter_status_scs_decode	16	static
../DBC/ter.c:4328:6:ter_ter_status_scs_is_in_range	16	static
../DBC/ter.c:4333:9:ter_ter_status_sl_encode	16	static
../DBC/ter.c:4338:7:ter_ter_status_sl_decode	16	static
../DBC/ter.c:4343:6:ter_ter_status_sl_is_in_range	16	static
../DBC/ter.c:4348:9:ter_ter_status_bspd_encode	16	static
../DBC/ter.c:4353:7:ter_ter_status_bspd_decode	16	static
../DBC/ter.c:4358:6:ter_ter_status_bspd_is_in_range	16	static
../DBC/ter.c:4363:9:ter_ter_status_imd_encode	16	static
../DBC/ter.c:4368:7:ter_ter_status_imd_decode	16	static
../DBC/ter.c:4373:6:ter_ter_status_imd_is_in_range	16	static
../DBC/ter.c:4378:9:ter_ter_status_ams_encode	16	static
../DBC/ter.c:4383:7:ter_ter_status_ams_decode	16	static
../DBC/ter.c:4388:6:ter_ter_status_ams_is_in_range	16	static
../DBC/ter.c:4393:9:ter_ter_status_apps_encode	16	static
../DBC/ter.c:4398:7:ter_ter_status_apps_decode	16	static
../DBC/ter.c:4403:6:ter_ter_status_apps_is_in_range	16	static
../DBC/ter.c:4408:9:ter_ter_status_imu_encode	16	static
../DBC/ter.c:4413:7:ter_ter_status_imu_decode	16	static
../DBC/ter.c:4418:6:ter_ter_status_imu_is_in_range	16	static
../DBC/ter.c:4423:9:ter_ter_status_refri_encode	16	static
../DBC/ter.c:4428:7:ter_ter_status_refri_decode	16	static
../DBC/ter.c:4433:6:ter_ter_status_refri_is_in_range	16	static
../DBC/ter.c:4438:9:ter_ter_status_right_inv_encode	16	static
../DBC/ter.c:4443:7:ter_ter_status_right_inv_decode	16	static
../DBC/ter.c:4448:6:ter_ter_status_right_inv_is_in_range	16	static
../DBC/ter.c:4453:9:ter_ter_status_left_inv_encode	16	static
../DBC/ter.c:4458:7:ter_ter_status_left_inv_decode	16	static
../DBC/ter.c:4463:6:ter_ter_status_left_inv_is_in_range	16	static
../DBC/ter.c:4468:5:ter_response_pack	24	static
../DBC/ter.c:4485:5:ter_response_unpack	24	static
../DBC/ter.c:4500:5:ter_response_init	16	static
../DBC/ter.c:4509:9:ter_response_cmd_encode	16	static
../DBC/ter.c:4514:7:ter_response_cmd_decode	16	static
../DBC/ter.c:4519:6:ter_response_cmd_is_in_range	16	static
../DBC/ter.c:4524:9:ter_response_code_encode	16	static
../DBC/ter.c:4529:7:ter_response_code_decode	16	static
../DBC/ter.c:4534:6:ter_response_code_is_in_range	16	static
../DBC/ter.c:4539:5:ter_chrg_status_pack	24	static
../DBC/ter.c:4560:5:ter_chrg_status_unpack	24	static
../DBC/ter.c:4579:5:ter_chrg_status_init	16	static
../DBC/ter.c:4588:9:ter_chrg_status_state_encode	16	static
../DBC/ter.c:4593:7:ter_chrg_status_state_decode	16	static
../DBC/ter.c:4598:6:ter_chrg_status_state_is_in_range	16	static
../DBC/ter.c:4603:10:ter_chrg_status_voltage_encode	16	static
../DBC/ter.c:4608:7:ter_chrg_status_voltage_decode	16	static
../DBC/ter.c:4613:6:ter_chrg_status_voltage_is_in_range	16	static
../DBC/ter.c:4618:9:ter_chrg_status_current_encode	16	static
../DBC/ter.c:4623:7:ter_chrg_status_current_decode	16	static
../DBC/ter.c:4628:6:ter_chrg_status_current_is_in_range	16	static
../DBC/ter.c:4633:9:ter_chrg_status_ams_encode	16	static
../DBC/ter.c:4638:7:ter_chrg_status_ams_decode	16	static
../DBC/ter.c:4643:6:ter_chrg_status_ams_is_in_range	16	static
../DBC/ter.c:4648:9:ter_chrg_status_imd_encode	16	static
../DBC/ter.c:4653:7:ter_chrg_status_imd_decode	16	static
../DBC/ter.c:4658:6:ter_chrg_status_imd_is_in_range	16	static
../DBC/ter.c:4663:5:ter_dynamic_config_pack	24	static
../DBC/ter.c:4702:5:ter_dynamic_config_unpack	24	static
../DBC/ter.c:4739:5:ter_dynamic_config_init	16	static
../DBC/ter.c:4748:9:ter_dynamic_config_limiter_encode	16	static
../DBC/ter.c:4753:7:ter_dynamic_config_limiter_decode	16	static
../DBC/ter.c:4758:6:ter_dynamic_config_limiter_is_in_range	16	static
../DBC/ter.c:4763:9:ter_dynamic_config_mode_encode	16	static
../DBC/ter.c:4768:7:ter_dynamic_config_mode_decode	16	static
../DBC/ter.c:4773:6:ter_dynamic_config_mode_is_in_range	16	static
../DBC/ter.c:4778:9:ter_dynamic_config_traction_control_encode	16	static
../DBC/ter.c:4783:7:ter_dynamic_config_traction_control_decode	16	static
../DBC/ter.c:4788:6:ter_dynamic_config_traction_control_is_in_range	16	static
../DBC/ter.c:4793:9:ter_dynamic_config_kw_limit_encode	16	static
../DBC/ter.c:4798:7:ter_dynamic_config_kw_limit_decode	16	static
../DBC/ter.c:4803:6:ter_dynamic_config_kw_limit_is_in_range	16	static
../DBC/ter.c:4808:9:ter_dynamic_config_trq_limit_encode	16	static
../DBC/ter.c:4813:7:ter_dynamic_config_trq_limit_decode	16	static
../DBC/ter.c:4818:6:ter_dynamic_config_trq_limit_is_in_range	16	static
../DBC/ter.c:4823:9:ter_dynamic_config_speed_limit_encode	16	static
../DBC/ter.c:4828:7:ter_dynamic_config_speed_limit_decode	16	static
../DBC/ter.c:4833:6:ter_dynamic_config_speed_limit_is_in_range	16	static
../DBC/ter.c:4838:5:ter_wheel_info_pack	24	static
../DBC/ter.c:4860:5:ter_wheel_info_unpack	24	static
../DBC/ter.c:4880:5:ter_wheel_info_init	16	static
../DBC/ter.c:4889:10:ter_wheel_info_rr_rpm_encode	16	static
../DBC/ter.c:4894:7:ter_wheel_info_rr_rpm_decode	16	static
../DBC/ter.c:4899:6:ter_wheel_info_rr_rpm_is_in_range	16	static
../DBC/ter.c:4904:9:ter_wheel_info_rr_trq_encode	16	static
../DBC/ter.c:4909:7:ter_wheel_info_rr_trq_decode	16	static
../DBC/ter.c:4914:6:ter_wheel_info_rr_trq_is_in_range	16	static
../DBC/ter.c:4919:10:ter_wheel_info_rl_rpm_encode	16	static
../DBC/ter.c:4924:7:ter_wheel_info_rl_rpm_decode	16	static
../DBC/ter.c:4929:6:ter_wheel_info_rl_rpm_is_in_range	16	static
../DBC/ter.c:4934:9:ter_wheel_info_rl_trq_encode	16	static
../DBC/ter.c:4939:7:ter_wheel_info_rl_trq_decode	16	static
../DBC/ter.c:4944:6:ter_wheel_info_rl_trq_is_in_range	16	static
../DBC/ter.c:4949:9:ter_wheel_info_speed_encode	16	static
../DBC/ter.c:4954:7:ter_wheel_info_speed_decode	16	static
../DBC/ter.c:4959:6:ter_wheel_info_speed_is_in_range	16	static
../DBC/ter.c:4964:5:ter_inverter_info_pack	24	static
../DBC/ter.c:4985:5:ter_inverter_info_unpack	24	static
../DBC/ter.c:5004:5:ter_inverter_info_init	16	static
../DBC/ter.c:5013:9:ter_inverter_info_left_dem_encode	16	static
../DBC/ter.c:5018:7:ter_inverter_info_left_dem_decode	16	static
../DBC/ter.c:5023:6:ter_inverter_info_left_dem_is_in_range	16	static
../DBC/ter.c:5028:9:ter_inverter_info_right_dem_encode	16	static
../DBC/ter.c:5033:7:ter_inverter_info_right_dem_decode	16	static
../DBC/ter.c:5038:6:ter_inverter_info_right_dem_is_in_range	16	static
../DBC/ter.c:5043:9:ter_inverter_info_left_power_stage_temp_encode	16	static
../DBC/ter.c:5048:7:ter_inverter_info_left_power_stage_temp_decode	16	static
../DBC/ter.c:5053:6:ter_inverter_info_left_power_stage_temp_is_in_range	16	static
../DBC/ter.c:5058:9:ter_inverter_info_right_power_stage_temp_encode	16	static
../DBC/ter.c:5063:7:ter_inverter_info_right_power_stage_temp_decode	16	static
../DBC/ter.c:5068:6:ter_inverter_info_right_power_stage_temp_is_in_range	16	static
../DBC/ter.c:5073:9:ter_inverter_info_left_motor_temp_encode	16	static
../DBC/ter.c:5078:7:ter_inverter_info_left_motor_temp_decode	16	static
../DBC/ter.c:5083:6:ter_inverter_info_left_motor_temp_is_in_range	16	static
../DBC/ter.c:5088:9:ter_inverter_info_right_motor_temp_encode	16	static
../DBC/ter.c:5093:7:ter_inverter_info_right_motor_temp_decode	16	static
../DBC/ter.c:5098:6:ter_inverter_info_right_motor_temp_is_in_range	16	static
